3.142.122.14 - - [10/Jul/2021:19:59:07 +0000] "GET /.well-known/acme-challenge/7y3tvWEQ2VXS6vn3GHwJl6Hs235BpeSaWKuGRzylsUM HTTP/1.1" 200 87 "http://mainnet.milenionblockchain.com/.well-known/acme-challenge/7y3tvWEQ2VXS6vn3GHwJl6Hs235BpeSaWKuGRzylsUM" "Mozilla/5.0 (compatible; Let's Encrypt validation server; +https://www.letsencrypt.org)"
64.78.149.164 - - [10/Jul/2021:19:59:08 +0000] "GET /.well-known/acme-challenge/7y3tvWEQ2VXS6vn3GHwJl6Hs235BpeSaWKuGRzylsUM HTTP/1.1" 200 87 "http://mainnet.milenionblockchain.com/.well-known/acme-challenge/7y3tvWEQ2VXS6vn3GHwJl6Hs235BpeSaWKuGRzylsUM" "Mozilla/5.0 (compatible; Let's Encrypt validation server; +https://www.letsencrypt.org)"
52.39.4.59 - - [10/Jul/2021:19:59:08 +0000] "GET /.well-known/acme-challenge/7y3tvWEQ2VXS6vn3GHwJl6Hs235BpeSaWKuGRzylsUM HTTP/1.1" 200 87 "http://mainnet.milenionblockchain.com/.well-known/acme-challenge/7y3tvWEQ2VXS6vn3GHwJl6Hs235BpeSaWKuGRzylsUM" "Mozilla/5.0 (compatible; Let's Encrypt validation server; +https://www.letsencrypt.org)"
45.176.89.54 - - [10/Jul/2021:23:22:27 +0000] "GET /img-fondo/img/verde-1200x839.png HTTP/2.0" 200 78583 "https://mainnet.milenionblockchain.com/" "Mozilla/5.0 (Windows NT 10.0; Win64; x64) AppleWebKit/537.36 (KHTML, like Gecko) Chrome/91.0.4472.124 Safari/537.36 Edg/91.0.864.67"
45.176.89.54 - - [10/Jul/2021:23:23:23 +0000] "GET /img-fondo/img/verde-1200x839.png HTTP/2.0" 304 0 "https://mainnet.milenionblockchain.com/" "Mozilla/5.0 (Windows NT 10.0; Win64; x64) AppleWebKit/537.36 (KHTML, like Gecko) Chrome/91.0.4472.124 Safari/537.36 Edg/91.0.864.67"
45.176.89.54 - - [10/Jul/2021:23:24:19 +0000] "GET /img-fondo/img/verde-1200x839.png HTTP/2.0" 304 0 "https://mainnet.milenionblockchain.com/" "Mozilla/5.0 (Windows NT 10.0; Win64; x64) AppleWebKit/537.36 (KHTML, like Gecko) Chrome/91.0.4472.124 Safari/537.36 Edg/91.0.864.67"
45.176.89.54 - - [10/Jul/2021:23:36:59 +0000] "GET /img-fondo/img/verde-1200x839.png HTTP/2.0" 304 0 "https://mainnet.milenionblockchain.com/?" "Mozilla/5.0 (Windows NT 10.0; Win64; x64) AppleWebKit/537.36 (KHTML, like Gecko) Chrome/91.0.4472.124 Safari/537.36 Edg/91.0.864.67"
45.176.89.54 - - [10/Jul/2021:23:44:59 +0000] "GET /img-fondo/img/verde-1200x839.png HTTP/2.0" 304 0 "https://mainnet.milenionblockchain.com/?" "Mozilla/5.0 (Windows NT 10.0; Win64; x64) AppleWebKit/537.36 (KHTML, like Gecko) Chrome/91.0.4472.124 Safari/537.36 Edg/91.0.864.67"
45.176.89.54 - - [10/Jul/2021:23:48:46 +0000] "GET /img-fondo/img/verde-1200x839.png HTTP/2.0" 304 0 "https://mainnet.milenionblockchain.com/" "Mozilla/5.0 (Windows NT 10.0; Win64; x64) AppleWebKit/537.36 (KHTML, like Gecko) Chrome/91.0.4472.124 Safari/537.36 Edg/91.0.864.67"
45.176.89.54 - - [10/Jul/2021:23:54:03 +0000] "GET /img-fondo/img/verde-1200x839.png HTTP/2.0" 304 0 "https://mainnet.milenionblockchain.com/" "Mozilla/5.0 (Windows NT 10.0; Win64; x64) AppleWebKit/537.36 (KHTML, like Gecko) Chrome/91.0.4472.124 Safari/537.36 Edg/91.0.864.67"
45.176.89.54 - - [10/Jul/2021:23:59:53 +0000] "GET /img-fondo/img/verde-1200x839.png HTTP/2.0" 304 0 "https://mainnet.milenionblockchain.com/" "Mozilla/5.0 (Windows NT 10.0; Win64; x64) AppleWebKit/537.36 (KHTML, like Gecko) Chrome/91.0.4472.124 Safari/537.36 Edg/91.0.864.67"
45.176.89.54 - - [11/Jul/2021:00:11:17 +0000] "GET /img-fondo/img/verde-1200x839.png HTTP/2.0" 304 0 "https://mainnet.milenionblockchain.com/" "Mozilla/5.0 (Windows NT 10.0; Win64; x64) AppleWebKit/537.36 (KHTML, like Gecko) Chrome/91.0.4472.124 Safari/537.36 Edg/91.0.864.67"
45.176.89.54 - - [11/Jul/2021:00:26:24 +0000] "GET /img-fondo/img/verde-1200x839.png HTTP/2.0" 200 78583 "https://mainnet.milenionblockchain.com/" "Mozilla/5.0 (Windows NT 10.0; Win64; x64) AppleWebKit/537.36 (KHTML, like Gecko) Chrome/91.0.4472.124 Safari/537.36 Edg/91.0.864.64"
34.244.91.107 - - [11/Jul/2021:00:31:34 +0000] "GET /img-fondo/img/verde-1200x839.png HTTP/2.0" 200 78583 "https://mainnet.milenionblockchain.com/" "Mozilla/5.0 (X11; Linux x86_64) AppleWebKit/537.36 (KHTML, like Gecko) HeadlessChrome/78.0.3882.0 Safari/537.36"
45.176.89.54 - - [11/Jul/2021:00:40:58 +0000] "GET /img-fondo/img/verde-1200x839.png HTTP/2.0" 304 0 "https://mainnet.milenionblockchain.com/" "Mozilla/5.0 (Windows NT 10.0; Win64; x64) AppleWebKit/537.36 (KHTML, like Gecko) Chrome/91.0.4472.124 Safari/537.36 Edg/91.0.864.64"
45.176.89.54 - - [11/Jul/2021:00:49:15 +0000] "GET /img-fondo/img/verde-1200x839.png HTTP/2.0" 304 0 "https://mainnet.milenionblockchain.com/" "Mozilla/5.0 (Windows NT 10.0; Win64; x64) AppleWebKit/537.36 (KHTML, like Gecko) Chrome/91.0.4472.124 Safari/537.36 Edg/91.0.864.64"
45.176.89.54 - - [11/Jul/2021:01:15:12 +0000] "GET /img-fondo/img/verde-1200x839.png HTTP/2.0" 304 0 "https://mainnet.milenionblockchain.com/" "Mozilla/5.0 (Windows NT 10.0; Win64; x64) AppleWebKit/537.36 (KHTML, like Gecko) Chrome/91.0.4472.124 Safari/537.36 Edg/91.0.864.64"
45.176.89.54 - - [11/Jul/2021:01:25:34 +0000] "GET /img-fondo/img/verde-1200x839.png HTTP/2.0" 200 78583 "https://mainnet.milenionblockchain.com/" "Mozilla/5.0 (Linux; Android 10; Lenovo YT-X705F) AppleWebKit/537.36 (KHTML, like Gecko) Chrome/91.0.4472.120 Safari/537.36"
45.176.89.54 - - [11/Jul/2021:01:26:54 +0000] "GET /img-fondo/img/verde-1200x839.png HTTP/2.0" 304 0 "https://mainnet.milenionblockchain.com/" "Mozilla/5.0 (Windows NT 10.0; Win64; x64) AppleWebKit/537.36 (KHTML, like Gecko) Chrome/91.0.4472.124 Safari/537.36 Edg/91.0.864.64"
45.176.89.54 - - [11/Jul/2021:01:40:15 +0000] "GET /img-fondo/img/verde-1200x839.png HTTP/2.0" 304 0 "https://mainnet.milenionblockchain.com/" "Mozilla/5.0 (Windows NT 10.0; Win64; x64) AppleWebKit/537.36 (KHTML, like Gecko) Chrome/91.0.4472.124 Safari/537.36 Edg/91.0.864.64"
45.176.89.54 - - [11/Jul/2021:01:56:06 +0000] "GET /img-fondo/img/verde-1200x839.png HTTP/2.0" 304 0 "https://mainnet.milenionblockchain.com/" "Mozilla/5.0 (Windows NT 10.0; Win64; x64) AppleWebKit/537.36 (KHTML, like Gecko) Chrome/91.0.4472.124 Safari/537.36 Edg/91.0.864.64"
45.176.89.54 - - [11/Jul/2021:02:12:38 +0000] "GET /img-fondo/img/verde-1200x839.png HTTP/2.0" 304 0 "https://mainnet.milenionblockchain.com/" "Mozilla/5.0 (Windows NT 10.0; Win64; x64) AppleWebKit/537.36 (KHTML, like Gecko) Chrome/91.0.4472.124 Safari/537.36 Edg/91.0.864.64"
45.176.89.54 - - [11/Jul/2021:02:30:39 +0000] "GET /img-fondo/img/verde-1200x839.png HTTP/2.0" 304 0 "https://mainnet.milenionblockchain.com/" "Mozilla/5.0 (Windows NT 10.0; Win64; x64) AppleWebKit/537.36 (KHTML, like Gecko) Chrome/91.0.4472.124 Safari/537.36 Edg/91.0.864.64"
45.176.89.54 - - [11/Jul/2021:03:24:15 +0000] "GET /img-fondo/img/verde-1200x839.png HTTP/2.0" 304 0 "https://mainnet.milenionblockchain.com/" "Mozilla/5.0 (Windows NT 10.0; Win64; x64) AppleWebKit/537.36 (KHTML, like Gecko) Chrome/91.0.4472.124 Safari/537.36 Edg/91.0.864.64"
45.176.89.54 - - [11/Jul/2021:03:51:33 +0000] "GET /img-fondo/img/verde-1200x839.png HTTP/2.0" 304 0 "https://mainnet.milenionblockchain.com/" "Mozilla/5.0 (Windows NT 10.0; Win64; x64) AppleWebKit/537.36 (KHTML, like Gecko) Chrome/91.0.4472.124 Safari/537.36 Edg/91.0.864.64"
34.244.91.107 - - [11/Jul/2021:04:07:28 +0000] "GET /img-fondo/img/verde-1200x839.png HTTP/2.0" 200 78583 "https://mainnet.milenionblockchain.com/" "Mozilla/5.0 (X11; Linux x86_64) AppleWebKit/537.36 (KHTML, like Gecko) HeadlessChrome/78.0.3882.0 Safari/537.36"
45.176.89.54 - - [11/Jul/2021:04:19:01 +0000] "GET /img-fondo/img/verde-1200x839.png HTTP/2.0" 304 0 "https://mainnet.milenionblockchain.com/" "Mozilla/5.0 (Windows NT 10.0; Win64; x64) AppleWebKit/537.36 (KHTML, like Gecko) Chrome/91.0.4472.124 Safari/537.36 Edg/91.0.864.64"
45.176.89.54 - - [11/Jul/2021:04:56:41 +0000] "GET /img-fondo/img/verde-1200x839.png HTTP/2.0" 200 78583 "https://mainnet.milenionblockchain.com/" "Mozilla/5.0 (Windows NT 10.0; Win64; x64) AppleWebKit/537.36 (KHTML, like Gecko) Chrome/91.0.4472.124 Safari/537.36 Edg/91.0.864.67"
62.210.5.253 - - [11/Jul/2021:07:39:14 +0000] "GET / HTTP/1.0" 200 993 "-" "Mozilla/5.0 (X11; Ubuntu; Linux x86_64; rv:58.0) Gecko/20100101 Firefox/58.0"
109.201.130.16 - - [11/Jul/2021:08:28:36 +0000] "GET / HTTP/1.0" 200 855 "https://milenionblockchain.com/" "Mozilla/5.0 (Windows NT 10.0; Win64; x64) AppleWebKit/537.36 (KHTML, like Gecko) Chrome/67.0.3396.99 Safari/537.36"
109.201.130.16 - - [11/Jul/2021:08:28:37 +0000] "GET /img-fondo/img/verde-1200x839.png HTTP/1.0" 200 412 "https://mainnet.milenionblockchain.com/" "Mozilla/5.0 (Windows NT 10.0; Win64; x64) AppleWebKit/537.36 (KHTML, like Gecko) Chrome/67.0.3396.99 Safari/537.36"
47.77.13.182 - - [11/Jul/2021:15:31:57 +0000] "GET / HTTP/1.0" 200 2234 "-" "Mozilla/5.0 (Windows NT 10.0; Win64; x64; rv:75.0) Gecko/20100101 Firefox/75.0"
45.176.89.54 - - [11/Jul/2021:17:30:40 +0000] "GET / HTTP/1.0" 200 855 "https://milenionblockchain.com/" "Mozilla/5.0 (Windows NT 10.0; Win64; x64) AppleWebKit/537.36 (KHTML, like Gecko) Chrome/91.0.4472.124 Safari/537.36 Edg/91.0.864.67"
45.176.89.54 - - [11/Jul/2021:17:30:40 +0000] "GET /img-fondo/img/verde-1200x839.png HTTP/1.0" 200 412 "https://mainnet.milenionblockchain.com/" "Mozilla/5.0 (Windows NT 10.0; Win64; x64) AppleWebKit/537.36 (KHTML, like Gecko) Chrome/91.0.4472.124 Safari/537.36 Edg/91.0.864.67"
45.176.89.54 - - [11/Jul/2021:17:30:41 +0000] "GET /favicon.ico HTTP/1.0" 404 1217 "https://mainnet.milenionblockchain.com/" "Mozilla/5.0 (Windows NT 10.0; Win64; x64) AppleWebKit/537.36 (KHTML, like Gecko) Chrome/91.0.4472.124 Safari/537.36 Edg/91.0.864.67"
82.165.224.102 - - [11/Jul/2021:20:35:35 +0000] "GET /robots.txt HTTP/1.0" 404 1217 "-" "IonCrawl (https://www.ionos.de/terms-gtc/faq-crawler-en/)"
82.165.224.54 - - [11/Jul/2021:20:36:48 +0000] "GET /sitemap.xml HTTP/1.0" 404 1217 "-" "IonCrawl (https://www.ionos.de/terms-gtc/faq-crawler-en/)"
82.165.224.54 - - [11/Jul/2021:20:36:50 +0000] "GET / HTTP/1.0" 200 855 "-" "IonCrawl (https://www.ionos.de/terms-gtc/faq-crawler-en/)"
82.165.224.54 - - [11/Jul/2021:20:36:51 +0000] "GET /wp-admin/admin-ajax.php HTTP/1.0" 404 1217 "-" "IonCrawl (https://www.ionos.de/terms-gtc/faq-crawler-en/)"
82.165.224.38 - - [11/Jul/2021:20:37:06 +0000] "GET / HTTP/1.0" 200 855 "-" "IonCrawl (https://www.ionos.de/terms-gtc/faq-crawler-en/)"
45.176.89.54 - - [11/Jul/2021:22:34:16 +0000] "GET / HTTP/1.0" 200 855 "https://milenionblockchain.com/" "Mozilla/5.0 (Windows NT 10.0; Win64; x64) AppleWebKit/537.36 (KHTML, like Gecko) Chrome/91.0.4472.124 Safari/537.36 Edg/91.0.864.64"
45.176.89.54 - - [11/Jul/2021:22:34:16 +0000] "GET /img-fondo/img/verde-1200x839.png HTTP/1.0" 200 412 "https://mainnet.milenionblockchain.com/" "Mozilla/5.0 (Windows NT 10.0; Win64; x64) AppleWebKit/537.36 (KHTML, like Gecko) Chrome/91.0.4472.124 Safari/537.36 Edg/91.0.864.64"
45.176.89.54 - - [11/Jul/2021:22:34:17 +0000] "GET /favicon.ico HTTP/1.0" 404 1217 "https://mainnet.milenionblockchain.com/" "Mozilla/5.0 (Windows NT 10.0; Win64; x64) AppleWebKit/537.36 (KHTML, like Gecko) Chrome/91.0.4472.124 Safari/537.36 Edg/91.0.864.64"
45.176.89.54 - - [12/Jul/2021:01:14:51 +0000] "GET / HTTP/1.0" 200 855 "https://milenionblockchain.com/" "Mozilla/5.0 (Windows NT 10.0; Win64; x64) AppleWebKit/537.36 (KHTML, like Gecko) Chrome/91.0.4472.124 Safari/537.36 Edg/91.0.864.64"
45.176.89.54 - - [12/Jul/2021:01:14:51 +0000] "GET /img-fondo/img/verde-1200x839.png HTTP/1.0" 200 412 "https://mainnet.milenionblockchain.com/" "Mozilla/5.0 (Windows NT 10.0; Win64; x64) AppleWebKit/537.36 (KHTML, like Gecko) Chrome/91.0.4472.124 Safari/537.36 Edg/91.0.864.64"
45.176.89.54 - - [12/Jul/2021:01:14:51 +0000] "GET /favicon.ico HTTP/1.0" 404 1217 "https://mainnet.milenionblockchain.com/" "Mozilla/5.0 (Windows NT 10.0; Win64; x64) AppleWebKit/537.36 (KHTML, like Gecko) Chrome/91.0.4472.124 Safari/537.36 Edg/91.0.864.64"
93.119.227.19 - - [12/Jul/2021:02:49:03 +0000] "GET / HTTP/1.0" 200 993 "-" "Mozilla/5.0 (Macintosh; Intel Mac OS X 10.13; rv:58.0) Gecko/20100101 Firefox/58.0"
34.248.247.139 - - [12/Jul/2021:02:51:05 +0000] "GET /robots.txt HTTP/1.0" 404 1217 "-" "PleskBot"
34.248.247.139 - - [12/Jul/2021:02:51:05 +0000] "GET / HTTP/1.0" 200 993 "-" "PleskBot"
109.201.130.16 - - [11/Jul/2021:08:28:37 +0000] "GET /img-fondo/img/verde-1200x839.png HTTP/2.0" 200 78583 "https://mainnet.milenionblockchain.com/" "Mozilla/5.0 (Windows NT 10.0; Win64; x64) AppleWebKit/537.36 (KHTML, like Gecko) Chrome/67.0.3396.99 Safari/537.36"
45.176.89.54 - - [11/Jul/2021:17:30:40 +0000] "GET /img-fondo/img/verde-1200x839.png HTTP/2.0" 200 78583 "https://mainnet.milenionblockchain.com/" "Mozilla/5.0 (Windows NT 10.0; Win64; x64) AppleWebKit/537.36 (KHTML, like Gecko) Chrome/91.0.4472.124 Safari/537.36 Edg/91.0.864.67"
45.176.89.54 - - [11/Jul/2021:22:34:16 +0000] "GET /img-fondo/img/verde-1200x839.png HTTP/2.0" 304 0 "https://mainnet.milenionblockchain.com/" "Mozilla/5.0 (Windows NT 10.0; Win64; x64) AppleWebKit/537.36 (KHTML, like Gecko) Chrome/91.0.4472.124 Safari/537.36 Edg/91.0.864.64"
45.176.89.54 - - [12/Jul/2021:01:14:51 +0000] "GET /img-fondo/img/verde-1200x839.png HTTP/2.0" 304 0 "https://mainnet.milenionblockchain.com/" "Mozilla/5.0 (Windows NT 10.0; Win64; x64) AppleWebKit/537.36 (KHTML, like Gecko) Chrome/91.0.4472.124 Safari/537.36 Edg/91.0.864.64"
111.7.100.27 - - [12/Jul/2021:08:03:59 +0000] "GET / HTTP/1.0" 200 855 "-" "Mozilla/5.0 (Windows NT 10.0; Win64; x64) AppleWebKit/537.36 (KHTML, like Gecko) Chrome/72.0.3626.119 Safari/537.36"
111.7.100.27 - - [12/Jul/2021:08:04:00 +0000] "GET / HTTP/1.0" 200 855 "-" "Mozilla/5.0 (Windows NT 10.0; Win64; x64) AppleWebKit/537.36 (KHTML, like Gecko) Chrome/72.0.3626.119 Safari/537.36"
111.7.100.27 - - [12/Jul/2021:08:04:01 +0000] "GET /img-fondo/img/verde-1200x839.png HTTP/1.0" 200 412 "https://mainnet.milenionblockchain.com/" "Mozilla/5.0 (Windows NT 10.0; Win64; x64) AppleWebKit/537.36 (KHTML, like Gecko) Chrome/72.0.3626.119 Safari/537.36"
59.52.102.196 - - [12/Jul/2021:08:38:01 +0000] "GET / HTTP/1.0" 200 2234 "-" "Apache-HttpClient/4.5.6 (Java/1.8.0_112)"
93.119.227.91 - - [12/Jul/2021:11:58:59 +0000] "GET / HTTP/1.0" 200 2372 "-" "Mozilla/5.0 (Windows NT 10.0; Win64; x64) AppleWebKit/537.36 (KHTML, like Gecko) Chrome/58.0.3029.110 Safari/537.36 Edge/16.16299"
45.176.89.54 - - [12/Jul/2021:12:22:06 +0000] "GET / HTTP/1.0" 200 855 "https://milenionblockchain.com/" "Mozilla/5.0 (Windows NT 10.0; Win64; x64) AppleWebKit/537.36 (KHTML, like Gecko) Chrome/91.0.4472.124 Safari/537.36 Edg/91.0.864.67"
45.176.89.54 - - [12/Jul/2021:12:22:06 +0000] "GET /img-fondo/img/verde-1200x839.png HTTP/1.0" 200 412 "https://mainnet.milenionblockchain.com/" "Mozilla/5.0 (Windows NT 10.0; Win64; x64) AppleWebKit/537.36 (KHTML, like Gecko) Chrome/91.0.4472.124 Safari/537.36 Edg/91.0.864.67"
45.176.89.54 - - [12/Jul/2021:12:22:06 +0000] "GET /favicon.ico HTTP/1.0" 404 1217 "https://mainnet.milenionblockchain.com/" "Mozilla/5.0 (Windows NT 10.0; Win64; x64) AppleWebKit/537.36 (KHTML, like Gecko) Chrome/91.0.4472.124 Safari/537.36 Edg/91.0.864.67"
88.24.31.113 - - [12/Jul/2021:15:04:01 +0000] "GET / HTTP/1.0" 200 855 "https://milenionblockchain.com/" "Mozilla/5.0 (Windows NT 10.0; Win64; x64) AppleWebKit/537.36 (KHTML, like Gecko) Chrome/91.0.4472.124 Safari/537.36"
88.24.31.113 - - [12/Jul/2021:15:04:01 +0000] "GET /img-fondo/img/verde-1200x839.png HTTP/1.0" 200 412 "https://mainnet.milenionblockchain.com/" "Mozilla/5.0 (Windows NT 10.0; Win64; x64) AppleWebKit/537.36 (KHTML, like Gecko) Chrome/91.0.4472.124 Safari/537.36"
88.24.31.113 - - [12/Jul/2021:15:04:02 +0000] "GET /favicon.ico HTTP/1.0" 404 1217 "https://mainnet.milenionblockchain.com/" "Mozilla/5.0 (Windows NT 10.0; Win64; x64) AppleWebKit/537.36 (KHTML, like Gecko) Chrome/91.0.4472.124 Safari/537.36"
86.127.225.46 - - [12/Jul/2021:15:04:15 +0000] "GET / HTTP/1.0" 200 855 "https://milenionblockchain.com/" "Mozilla/5.0 (Windows NT 10.0; Win64; x64) AppleWebKit/537.36 (KHTML, like Gecko) Chrome/91.0.4472.124 Safari/537.36 Edg/91.0.864.64"
138.117.48.101 - - [12/Jul/2021:15:04:15 +0000] "GET / HTTP/1.0" 200 855 "https://milenionblockchain.com/" "Mozilla/5.0 (Windows NT 10.0) AppleWebKit/537.36 (KHTML, like Gecko) Chrome/91.0.4472.124 Safari/537.36"
86.127.225.46 - - [12/Jul/2021:15:04:15 +0000] "GET /img-fondo/img/verde-1200x839.png HTTP/1.0" 200 412 "https://mainnet.milenionblockchain.com/" "Mozilla/5.0 (Windows NT 10.0; Win64; x64) AppleWebKit/537.36 (KHTML, like Gecko) Chrome/91.0.4472.124 Safari/537.36 Edg/91.0.864.64"
86.127.225.46 - - [12/Jul/2021:15:04:15 +0000] "GET /favicon.ico HTTP/1.0" 404 1217 "https://mainnet.milenionblockchain.com/" "Mozilla/5.0 (Windows NT 10.0; Win64; x64) AppleWebKit/537.36 (KHTML, like Gecko) Chrome/91.0.4472.124 Safari/537.36 Edg/91.0.864.64"
138.117.48.101 - - [12/Jul/2021:15:04:18 +0000] "GET /img-fondo/img/verde-1200x839.png HTTP/1.0" 200 412 "https://mainnet.milenionblockchain.com/" "Mozilla/5.0 (Windows NT 10.0) AppleWebKit/537.36 (KHTML, like Gecko) Chrome/91.0.4472.124 Safari/537.36"
138.117.48.101 - - [12/Jul/2021:15:04:20 +0000] "GET /favicon.ico HTTP/1.0" 404 1217 "https://mainnet.milenionblockchain.com/" "Mozilla/5.0 (Windows NT 10.0) AppleWebKit/537.36 (KHTML, like Gecko) Chrome/91.0.4472.124 Safari/537.36"
45.176.89.54 - - [12/Jul/2021:22:30:37 +0000] "GET / HTTP/1.0" 200 855 "https://milenionblockchain.com/" "Mozilla/5.0 (Linux; Android 8.0.0; SM-G570M) AppleWebKit/537.36 (KHTML, like Gecko) Chrome/77.0.3865.116 Mobile Safari/537.36 EdgA/46.05.2.5158"
45.176.89.54 - - [12/Jul/2021:22:30:37 +0000] "GET /img-fondo/img/verde-1200x839.png HTTP/1.0" 200 412 "https://mainnet.milenionblockchain.com/" "Mozilla/5.0 (Linux; Android 8.0.0; SM-G570M) AppleWebKit/537.36 (KHTML, like Gecko) Chrome/77.0.3865.116 Mobile Safari/537.36 EdgA/46.05.2.5158"
45.176.89.54 - - [12/Jul/2021:22:30:38 +0000] "GET /favicon.ico HTTP/1.0" 404 1217 "https://mainnet.milenionblockchain.com/" "Mozilla/5.0 (Linux; Android 8.0.0; SM-G570M) AppleWebKit/537.36 (KHTML, like Gecko) Chrome/77.0.3865.116 Mobile Safari/537.36 EdgA/46.05.2.5158"
42.236.10.93 - - [13/Jul/2021:03:05:50 +0000] "GET / HTTP/1.0" 200 2234 "http://baidu.com/" "Mozilla/5.0 (Linux; U; Android 8.1.0; zh-CN; EML-AL00 Build/HUAWEIEML-AL00) AppleWebKit/537.36 (KHTML, like Gecko) Version/4.0 Chrome/57.0.2987.108 baidu.sogo.uc.UCBrowser/11.9.4.974 UWS/2.13.1.48 Mobile Safari/537.36 AliApp(DingTalk/4.5.11) com.alibaba.android.rimet/10487439 Channel/227200 language/zh-CN"
42.236.10.93 - - [13/Jul/2021:03:05:50 +0000] "GET /img-fondo/img/verde-1200x839.png HTTP/1.0" 200 412 "https://mainnet.milenionblockchain.com/" "Mozilla/5.0 (Linux; U; Android 8.1.0; zh-CN; EML-AL00 Build/HUAWEIEML-AL00) AppleWebKit/537.36 (KHTML, like Gecko) Version/4.0 Chrome/57.0.2987.108 baidu.sogo.uc.UCBrowser/11.9.4.974 UWS/2.13.1.48 Mobile Safari/537.36 AliApp(DingTalk/4.5.11) com.alibaba.android.rimet/10487439 Channel/227200 language/zh-CN"
45.176.89.54 - - [13/Jul/2021:03:33:53 +0000] "GET / HTTP/1.0" 200 855 "https://milenionblockchain.com/" "Mozilla/5.0 (Windows NT 10.0; Win64; x64) AppleWebKit/537.36 (KHTML, like Gecko) Chrome/91.0.4472.124 Safari/537.36 Edg/91.0.864.64"
45.176.89.54 - - [13/Jul/2021:03:33:53 +0000] "GET /img-fondo/img/verde-1200x839.png HTTP/1.0" 200 412 "https://mainnet.milenionblockchain.com/" "Mozilla/5.0 (Windows NT 10.0; Win64; x64) AppleWebKit/537.36 (KHTML, like Gecko) Chrome/91.0.4472.124 Safari/537.36 Edg/91.0.864.64"
45.176.89.54 - - [13/Jul/2021:03:33:53 +0000] "GET /favicon.ico HTTP/1.0" 404 1217 "https://mainnet.milenionblockchain.com/" "Mozilla/5.0 (Windows NT 10.0; Win64; x64) AppleWebKit/537.36 (KHTML, like Gecko) Chrome/91.0.4472.124 Safari/537.36 Edg/91.0.864.64"
3.249.217.196 - - [13/Jul/2021:03:38:56 +0000] "GET / HTTP/1.0" 200 855 "-" "Mozilla/5.0 (X11; Linux x86_64) AppleWebKit/537.36 (KHTML, like Gecko) HeadlessChrome/78.0.3882.0 Safari/537.36"
3.249.217.196 - - [13/Jul/2021:03:38:56 +0000] "GET /img-fondo/img/verde-1200x839.png HTTP/1.0" 200 412 "https://mainnet.milenionblockchain.com/" "Mozilla/5.0 (X11; Linux x86_64) AppleWebKit/537.36 (KHTML, like Gecko) HeadlessChrome/78.0.3882.0 Safari/537.36"
171.34.176.216 - - [13/Jul/2021:03:52:43 +0000] "GET / HTTP/1.0" 200 855 "-" "Apache-HttpClient/4.5.6 (Java/1.8.0_112)"
171.34.178.7 - - [13/Jul/2021:03:58:08 +0000] "GET / HTTP/1.0" 200 2234 "-" "Mozilla/5.0 (X11; Linux x86_64) AppleWebKit/537.36 (KHTML, like Gecko) HeadlessChrome/83.0.4103.61 Safari/537.36"
171.34.178.7 - - [13/Jul/2021:03:58:08 +0000] "GET /img-fondo/img/verde-1200x839.png HTTP/1.0" 200 412 "https://mainnet.milenionblockchain.com/" "Mozilla/5.0 (X11; Linux x86_64) AppleWebKit/537.36 (KHTML, like Gecko) HeadlessChrome/83.0.4103.61 Safari/537.36"
181.46.39.26 - - [13/Jul/2021:04:43:07 +0000] "GET / HTTP/1.0" 200 855 "https://milenionblockchain.com/" "Mozilla/5.0 (Windows NT 10.0; Win64; x64) AppleWebKit/537.36 (KHTML, like Gecko) Chrome/91.0.4472.124 Safari/537.36"
181.46.39.26 - - [13/Jul/2021:04:43:07 +0000] "GET /img-fondo/img/verde-1200x839.png HTTP/1.0" 200 412 "https://mainnet.milenionblockchain.com/" "Mozilla/5.0 (Windows NT 10.0; Win64; x64) AppleWebKit/537.36 (KHTML, like Gecko) Chrome/91.0.4472.124 Safari/537.36"
181.46.39.26 - - [13/Jul/2021:04:43:08 +0000] "GET /favicon.ico HTTP/1.0" 404 1217 "https://mainnet.milenionblockchain.com/" "Mozilla/5.0 (Windows NT 10.0; Win64; x64) AppleWebKit/537.36 (KHTML, like Gecko) Chrome/91.0.4472.124 Safari/537.36"
111.7.100.27 - - [12/Jul/2021:08:04:01 +0000] "GET /img-fondo/img/verde-1200x839.png HTTP/2.0" 200 78583 "https://mainnet.milenionblockchain.com/" "Mozilla/5.0 (Windows NT 10.0; Win64; x64) AppleWebKit/537.36 (KHTML, like Gecko) Chrome/72.0.3626.119 Safari/537.36"
45.176.89.54 - - [12/Jul/2021:12:22:06 +0000] "GET /img-fondo/img/verde-1200x839.png HTTP/2.0" 304 0 "https://mainnet.milenionblockchain.com/" "Mozilla/5.0 (Windows NT 10.0; Win64; x64) AppleWebKit/537.36 (KHTML, like Gecko) Chrome/91.0.4472.124 Safari/537.36 Edg/91.0.864.67"
88.24.31.113 - - [12/Jul/2021:15:04:01 +0000] "GET /img-fondo/img/verde-1200x839.png HTTP/2.0" 200 78583 "https://mainnet.milenionblockchain.com/" "Mozilla/5.0 (Windows NT 10.0; Win64; x64) AppleWebKit/537.36 (KHTML, like Gecko) Chrome/91.0.4472.124 Safari/537.36"
86.127.225.46 - - [12/Jul/2021:15:04:15 +0000] "GET /img-fondo/img/verde-1200x839.png HTTP/2.0" 200 78583 "https://mainnet.milenionblockchain.com/" "Mozilla/5.0 (Windows NT 10.0; Win64; x64) AppleWebKit/537.36 (KHTML, like Gecko) Chrome/91.0.4472.124 Safari/537.36 Edg/91.0.864.64"
138.117.48.101 - - [12/Jul/2021:15:04:18 +0000] "GET /img-fondo/img/verde-1200x839.png HTTP/2.0" 200 78583 "https://mainnet.milenionblockchain.com/" "Mozilla/5.0 (Windows NT 10.0) AppleWebKit/537.36 (KHTML, like Gecko) Chrome/91.0.4472.124 Safari/537.36"
45.176.89.54 - - [12/Jul/2021:22:30:37 +0000] "GET /img-fondo/img/verde-1200x839.png HTTP/2.0" 200 78583 "https://mainnet.milenionblockchain.com/" "Mozilla/5.0 (Linux; Android 8.0.0; SM-G570M) AppleWebKit/537.36 (KHTML, like Gecko) Chrome/77.0.3865.116 Mobile Safari/537.36 EdgA/46.05.2.5158"
42.236.10.93 - - [13/Jul/2021:03:05:50 +0000] "GET /img-fondo/img/verde-1200x839.png HTTP/2.0" 200 78583 "https://mainnet.milenionblockchain.com/" "Mozilla/5.0 (Linux; U; Android 8.1.0; zh-CN; EML-AL00 Build/HUAWEIEML-AL00) AppleWebKit/537.36 (KHTML, like Gecko) Version/4.0 Chrome/57.0.2987.108 baidu.sogo.uc.UCBrowser/11.9.4.974 UWS/2.13.1.48 Mobile Safari/537.36 AliApp(DingTalk/4.5.11) com.alibaba.android.rimet/10487439 Channel/227200 language/zh-CN"
45.176.89.54 - - [13/Jul/2021:03:33:53 +0000] "GET /img-fondo/img/verde-1200x839.png HTTP/2.0" 304 0 "https://mainnet.milenionblockchain.com/" "Mozilla/5.0 (Windows NT 10.0; Win64; x64) AppleWebKit/537.36 (KHTML, like Gecko) Chrome/91.0.4472.124 Safari/537.36 Edg/91.0.864.64"
3.249.217.196 - - [13/Jul/2021:03:38:56 +0000] "GET /img-fondo/img/verde-1200x839.png HTTP/2.0" 200 78583 "https://mainnet.milenionblockchain.com/" "Mozilla/5.0 (X11; Linux x86_64) AppleWebKit/537.36 (KHTML, like Gecko) HeadlessChrome/78.0.3882.0 Safari/537.36"
171.34.178.7 - - [13/Jul/2021:03:58:09 +0000] "GET /img-fondo/img/verde-1200x839.png HTTP/2.0" 200 65536 "https://mainnet.milenionblockchain.com/" "Mozilla/5.0 (X11; Linux x86_64) AppleWebKit/537.36 (KHTML, like Gecko) HeadlessChrome/83.0.4103.61 Safari/537.36"
181.46.39.26 - - [13/Jul/2021:04:43:07 +0000] "GET /img-fondo/img/verde-1200x839.png HTTP/2.0" 200 78583 "https://mainnet.milenionblockchain.com/" "Mozilla/5.0 (Windows NT 10.0; Win64; x64) AppleWebKit/537.36 (KHTML, like Gecko) Chrome/91.0.4472.124 Safari/537.36"
