195.141.89.138 - - [10/Jul/2021:20:01:54 +0000] "GET / HTTP/1.0" 200 912 "-" "Mozilla/5.0 (Windows NT 6.3; WOW64; Trident/7.0; rv:11.0) like Gecko"
185.220.101.146 - - [10/Jul/2021:20:02:45 +0000] "GET /.git/config HTTP/1.0" 403 141 "-" "Go-http-client/1.1"
45.141.159.63 - - [10/Jul/2021:20:02:46 +0000] "GET /.git/config HTTP/1.0" 403 141 "http://mainnet.milenionblockchain.com/.git/config" "Go-http-client/1.1"
205.169.39.29 - - [10/Jul/2021:20:04:59 +0000] "GET / HTTP/1.0" 200 784 "-" "Mozilla/5.0 (Windows NT 10.0; Win64; x64) AppleWebKit/537.36 (KHTML, like Gecko) Chrome/76.0.3809.71 Safari/537.36"
80.44.170.11 - - [10/Jul/2021:20:07:55 +0000] "GET / HTTP/1.0" 200 912 "https://mainnet.milenionblockchain.com/" "Mozilla/5.0 (Linux; Android 7.1.1; Android SDK built for x86) AppleWebKit/537.36 (KHTML, like Gecko) Chrome/76.0.3809.111 Mobile Safari/537.36"
89.238.135.151 - - [10/Jul/2021:20:07:55 +0000] "GET / HTTP/1.0" 200 912 "https://mainnet.milenionblockchain.com/" "Mozilla/5.0 (iPhone; CPU iPhone OS 14_5_1 like Mac OS X) AppleWebKit/605.1.15 (KHTML, like Gecko) Version/14.1 Mobile/15E148 Safari/604.1"
68.235.33.167 - - [10/Jul/2021:20:07:55 +0000] "GET / HTTP/1.0" 200 912 "https://mainnet.milenionblockchain.com/" "Mozilla/5.0 (Windows NT 6.1; WOW64; Trident/7.0; SLCC2; .NET CLR 2.0.50727; .NET CLR 3.5.30729; .NET CLR 3.0.30729; .NET4.0C; .NET4.0E; rv 11.0) like Gecko"
80.44.170.11 - - [10/Jul/2021:20:08:37 +0000] "GET / HTTP/1.0" 200 2180 "http://mainnet.milenionblockchain.com/" "Mozilla/5.0 (Linux; Android 7.1.1; Android SDK built for x86) AppleWebKit/537.36 (KHTML, like Gecko) Chrome/76.0.3809.111 Mobile Safari/537.36"
185.130.184.198 - - [10/Jul/2021:20:08:37 +0000] "GET / HTTP/1.0" 200 801 "http://mainnet.milenionblockchain.com/" "Mozilla/5.0 (iPhone; CPU iPhone OS 14_6 like Mac OS X) AppleWebKit/605.1.15 (KHTML, like Gecko) Version/14.1.1 Mobile/15E148 Safari/604.1"
68.235.33.167 - - [10/Jul/2021:20:08:38 +0000] "GET / HTTP/1.0" 200 801 "http://mainnet.milenionblockchain.com/" "Mozilla/5.0 (Windows NT 6.1; WOW64; Trident/7.0; SLCC2; .NET CLR 2.0.50727; .NET CLR 3.5.30729; .NET CLR 3.0.30729; .NET4.0C; .NET4.0E; rv 11.0) like Gecko"
84.17.46.183 - - [10/Jul/2021:20:08:42 +0000] "GET / HTTP/1.0" 200 801 "http://mainnet.milenionblockchain.com/" "Mozilla/5.0 (Windows NT 10.0; Win64; x64) AppleWebKit/537.36 (KHTML, like Gecko) Chrome/91.0.4472.101 Safari/537.36"
89.238.135.151 - - [10/Jul/2021:20:08:42 +0000] "GET / HTTP/1.0" 200 801 "http://mainnet.milenionblockchain.com/" "Mozilla/5.0 (iPhone; CPU iPhone OS 14_5_1 like Mac OS X) AppleWebKit/605.1.15 (KHTML, like Gecko) Version/14.1 Mobile/15E148 Safari/604.1"
80.44.170.11 - - [10/Jul/2021:20:08:52 +0000] "GET /defaultsite HTTP/1.0" 404 1217 "https://mainnet.milenionblockchain.com/defaultsite" "Mozilla/5.0 (Linux; Android 7.1.1; Android SDK built for x86) AppleWebKit/537.36 (KHTML, like Gecko) Chrome/76.0.3809.111 Mobile Safari/537.36"
185.130.184.198 - - [10/Jul/2021:20:08:52 +0000] "GET /defaultsite HTTP/1.0" 404 1217 "https://mainnet.milenionblockchain.com/defaultsite" "Mozilla/5.0 (iPhone; CPU iPhone OS 14_6 like Mac OS X) AppleWebKit/605.1.15 (KHTML, like Gecko) Version/14.1.1 Mobile/15E148 Safari/604.1"
89.238.135.151 - - [10/Jul/2021:20:08:52 +0000] "GET /defaultsite HTTP/1.0" 404 1217 "https://mainnet.milenionblockchain.com/defaultsite" "Mozilla/5.0 (iPhone; CPU iPhone OS 14_5_1 like Mac OS X) AppleWebKit/605.1.15 (KHTML, like Gecko) Version/14.1 Mobile/15E148 Safari/604.1"
68.235.33.167 - - [10/Jul/2021:20:08:52 +0000] "GET /defaultsite HTTP/1.0" 404 1217 "https://mainnet.milenionblockchain.com/defaultsite" "Mozilla/5.0 (Windows NT 10.0; Win64; x64) AppleWebKit/537.36 (KHTML, like Gecko) Chrome/76.0.3809.71 Safari/537.36"
212.227.221.136 - - [10/Jul/2021:20:09:52 +0000] "GET / HTTP/1.0" 200 729 "-" "Mozilla/5.0 (Macintosh; Intel Mac OS X 10_9_3) AppleWebKit/537.75.14 (KHTML, like Gecko) Version/7.0.3 Safari/7046A194A"
212.227.221.136 - - [10/Jul/2021:20:09:52 +0000] "GET / HTTP/1.0" 200 729 "-" "Mozilla/5.0 (Macintosh; Intel Mac OS X 10_9_3) AppleWebKit/537.75.14 (KHTML, like Gecko) Version/7.0.3 Safari/7046A194A"
68.183.241.134 - - [10/Jul/2021:20:10:03 +0000] "GET /defaultsite HTTP/1.0" 404 1217 "http://mainnet.milenionblockchain.com/defaultsite" "Mozilla/5.0 (iPhone; CPU iPhone OS 14_4_2 like Mac OS X) AppleWebKit/605.1.15 (KHTML, like Gecko) Version/14.0.3 Mobile/15E148 Safari/604.1"
80.44.170.11 - - [10/Jul/2021:20:10:03 +0000] "GET /defaultsite HTTP/1.0" 404 1217 "http://mainnet.milenionblockchain.com/defaultsite" "Mozilla/5.0 (X11; Linux x86_64; rv:78.0) Gecko/20100101 Firefox/78.0"
45.154.255.147 - - [10/Jul/2021:20:10:03 +0000] "GET /defaultsite HTTP/1.0" 404 1217 "http://mainnet.milenionblockchain.com/defaultsite" "Mozilla/5.0 (iPhone; CPU iPhone OS 14_4 like Mac OS X) AppleWebKit/605.1.15 (KHTML, like Gecko) Version/14.0.3 Mobile/15E148 Safari/604.1"
68.235.33.167 - - [10/Jul/2021:20:10:04 +0000] "GET /defaultsite HTTP/1.0" 404 1217 "http://mainnet.milenionblockchain.com/defaultsite" "Mozilla/5.0 (Windows NT 10.0; Win64; x64) AppleWebKit/537.36 (KHTML, like Gecko) Chrome/91.0.4472.124 Safari/537.36"
178.224.4.19 - - [10/Jul/2021:20:10:04 +0000] "GET /defaultsite HTTP/1.0" 404 1217 "http://mainnet.milenionblockchain.com/defaultsite" "Mozilla/5.0 (Linux; Android 7.1.1; Android SDK built for x86 Build/NYC) AppleWebKit/537.36 (KHTML, like Gecko) Chrome/55.0.2883.91 Mobile Safari/537.36"
80.44.170.11 - - [10/Jul/2021:20:10:04 +0000] "GET /defaultsite HTTP/1.0" 404 1217 "http://mainnet.milenionblockchain.com/defaultsite" "Mozilla/5.0 (iPhone; CPU iPhone OS 11_0 like Mac OS X) AppleWebKit/604.1.38 (KHTML, like Gecko) Version/11.0 Mobile/15A372 Safari/604.1"
45.154.255.147 - - [10/Jul/2021:20:10:04 +0000] "OPTIONS /defaultsite HTTP/1.0" 200 333 "http://mainnet.milenionblockchain.com/defaultsite" "Mozilla/5.0 (iPhone; CPU iPhone OS 14_6 like Mac OS X) AppleWebKit/605.1.15 (KHTML, like Gecko) Version/14.1.1 Mobile/15E148 Safari/604.1"
45.154.255.147 - - [10/Jul/2021:20:10:04 +0000] "GET /bsuiEMDZAkMwM HTTP/1.0" 404 1217 "http://mainnet.milenionblockchain.com/defaultsite" "Mozilla/5.0 (Windows NT 10.0; Win64; x64) AppleWebKit/537.36 (KHTML, like Gecko) Chrome/91.0.4472.101 Safari/537.36"
68.183.241.134 - - [10/Jul/2021:20:10:46 +0000] "GET /spicons/defaultsite/es/img/ic-world.svg HTTP/1.0" 404 1217 "https://mainnet.milenionblockchain.com/spicons/defaultsite/es/img/ic-world.svg" "Mozilla/5.0 (iPhone; CPU iPhone OS 14_6 like Mac OS X) AppleWebKit/605.1.15 (KHTML, like Gecko) CriOS/91.0.4472.80 Mobile/15E148 Safari/604.1"
80.44.170.11 - - [10/Jul/2021:20:10:46 +0000] "GET /spicons/defaultsite/es/img/ic-world.svg HTTP/1.0" 404 1217 "https://mainnet.milenionblockchain.com/spicons/defaultsite/es/img/ic-world.svg" "Mozilla/5.0 (Windows NT 10.0; Win64; x64) AppleWebKit/537.36 (KHTML, like Gecko) Chrome/76.0.3809.71 Safari/537.36"
68.183.241.134 - - [10/Jul/2021:20:10:47 +0000] "GET /spicons/defaultsite/es/img/domain.svg HTTP/1.0" 404 1217 "https://mainnet.milenionblockchain.com/spicons/defaultsite/es/img/domain.svg" "Mozilla/5.0 (iPhone; CPU iPhone OS 14_6 like Mac OS X) AppleWebKit/605.1.15 (KHTML, like Gecko) CriOS/91.0.4472.80 Mobile/15E148 Safari/604.1"
80.44.170.11 - - [10/Jul/2021:20:10:47 +0000] "GET /spicons/defaultsite/es/img/domain.svg HTTP/1.0" 404 1217 "https://mainnet.milenionblockchain.com/spicons/defaultsite/es/img/domain.svg" "Mozilla/5.0 (Windows NT 6.1; WOW64; Trident/7.0; SLCC2; .NET CLR 2.0.50727; .NET CLR 3.5.30729; .NET CLR 3.0.30729; .NET4.0C; .NET4.0E; rv 11.0) like Gecko"
68.235.33.167 - - [10/Jul/2021:20:10:47 +0000] "GET /spicons/defaultsite/es/img/ic-world.svg HTTP/1.0" 404 1217 "https://mainnet.milenionblockchain.com/spicons/defaultsite/es/img/ic-world.svg" "Mozilla/5.0 (Windows NT 10.0; Win64; x64) AppleWebKit/537.36 (KHTML, like Gecko) Chrome/91.0.4472.101 Safari/537.36"
178.224.4.19 - - [10/Jul/2021:20:10:47 +0000] "GET /spicons/defaultsite/es/img/ic-world.svg HTTP/1.0" 404 1217 "https://mainnet.milenionblockchain.com/spicons/defaultsite/es/img/ic-world.svg" "Mozilla/5.0 (Linux; U; Android 8.1.0; zh-CN; EML-AL00 Build/HUAWEIEML-AL00) AppleWebKit/537.36 (KHTML, like Gecko) Version/4.0 Chrome/57.0.2987.108 baidu.sogo.uc.UCBrowser/11.9.4.974 UWS/2.13.1.48 Mobile Safari/537.36 AliApp(DingTalk/4.5.11) com.alibaba.android.rimet/10487439 Channel/227200 language/zh-CN"
193.189.100.196 - - [10/Jul/2021:20:10:47 +0000] "GET /spicons/defaultsite/es/img/domain.svg HTTP/1.0" 404 1217 "https://mainnet.milenionblockchain.com/spicons/defaultsite/es/img/domain.svg" "Mozilla/5.0 (Linux; Android 7.1.1; Android SDK built for x86) AppleWebKit/537.36 (KHTML, like Gecko) Chrome/76.0.3809.111 Mobile Safari/537.36"
178.224.4.19 - - [10/Jul/2021:20:10:47 +0000] "GET /spicons/defaultsite/es/img/domain.svg HTTP/1.0" 404 1217 "https://mainnet.milenionblockchain.com/spicons/defaultsite/es/img/domain.svg" "Mozilla/5.0 (Linux; U; Android 8.1.0; zh-CN; EML-AL00 Build/HUAWEIEML-AL00) AppleWebKit/537.36 (KHTML, like Gecko) Version/4.0 Chrome/57.0.2987.108 baidu.sogo.uc.UCBrowser/11.9.4.974 UWS/2.13.1.48 Mobile Safari/537.36 AliApp(DingTalk/4.5.11) com.alibaba.android.rimet/10487439 Channel/227200 language/zh-CN"
68.235.33.167 - - [10/Jul/2021:20:10:48 +0000] "GET /spicons/defaultsite/es/img/domain.svg HTTP/1.0" 404 1217 "https://mainnet.milenionblockchain.com/spicons/defaultsite/es/img/domain.svg" "Mozilla/5.0 (Windows NT 10.0; Win64; x64) AppleWebKit/537.36 (KHTML, like Gecko) Chrome/91.0.4472.101 Safari/537.36"
45.154.255.147 - - [10/Jul/2021:20:10:51 +0000] "GET /spicons/defaultsite/es/img/ic-world.svg HTTP/1.0" 404 1217 "https://mainnet.milenionblockchain.com/spicons/defaultsite/es/img/ic-world.svg" "Mozilla/5.0 (Linux; Android 7.1.1; Android SDK built for x86) AppleWebKit/537.36 (KHTML, like Gecko) Chrome/76.0.3809.111 Mobile Safari/537.36"
147.147.220.106 - - [10/Jul/2021:20:11:11 +0000] "GET /spicons/defaultsite/es/img/domain_transfer.svg HTTP/1.0" 404 1217 "http://mainnet.milenionblockchain.com/spicons/defaultsite/es/img/domain_transfer.svg" "Mozilla/5.0 (iPhone; CPU iPhone OS 14_5_1 like Mac OS X) AppleWebKit/605.1.15 (KHTML, like Gecko) Version/14.1 Mobile/15E148 Safari/604.1"
2.58.29.23 - - [10/Jul/2021:20:11:11 +0000] "GET /spicons/defaultsite/es/img/domain_transfer.svg HTTP/1.0" 404 1217 "http://mainnet.milenionblockchain.com/spicons/defaultsite/es/img/domain_transfer.svg" "Mozilla/5.0 (Windows NT 10.0; Win64; x64) AppleWebKit/537.36 (KHTML, like Gecko) Chrome/76.0.3809.71 Safari/537.36"
191.101.31.21 - - [10/Jul/2021:20:11:11 +0000] "GET /spicons/defaultsite/es/img/domain_transfer.svg HTTP/1.0" 404 1217 "http://mainnet.milenionblockchain.com/spicons/defaultsite/es/img/domain_transfer.svg" "Mozilla/4.0 (compatible; MSIE 8.0; Windows NT 5.1; Trident/4.0)"
185.17.204.238 - - [10/Jul/2021:20:11:11 +0000] "GET /spicons/defaultsite/es/img/domain_transfer.svg HTTP/1.0" 404 1217 "http://mainnet.milenionblockchain.com/spicons/defaultsite/es/img/domain_transfer.svg" "Mozilla/5.0 (iPhone; CPU iPhone OS 14_6 like Mac OS X) AppleWebKit/605.1.15 (KHTML, like Gecko) CriOS/91.0.4472.80 Mobile/15E148 Safari/604.1"
104.129.56.145 - - [10/Jul/2021:20:11:12 +0000] "GET /spicons/defaultsite/es/img/domain_transfer.svg HTTP/1.0" 404 1217 "http://mainnet.milenionblockchain.com/spicons/defaultsite/es/img/domain_transfer.svg" "Mozilla/5.0 (iPhone; CPU iPhone OS 14_5_1 like Mac OS X) AppleWebKit/605.1.15 (KHTML, like Gecko) Version/14.1 Mobile/15E148 Safari/604.1"
147.147.220.106 - - [10/Jul/2021:20:11:12 +0000] "OPTIONS /spicons/defaultsite/es/img/domain_transfer.svg HTTP/1.0" 200 310 "http://mainnet.milenionblockchain.com/spicons/defaultsite/es/img/domain_transfer.svg" "Mozilla/5.0 (Windows NT 10.0; Win64; x64) AppleWebKit/537.36 (KHTML, like Gecko) Chrome/91.0.4472.124 Safari/537.36"
147.147.220.106 - - [10/Jul/2021:20:11:12 +0000] "GET /spicons/defaultsite/es/img/EdryrJvJ.svg HTTP/1.0" 404 1217 "http://mainnet.milenionblockchain.com/spicons/defaultsite/es/img/domain_transfer.svg" "Mozilla/5.0 (Windows NT 10.0; Win64; x64) AppleWebKit/537.36 (KHTML, like Gecko) Chrome/91.0.4472.106 Safari/537.36"
2.58.29.23 - - [10/Jul/2021:20:11:12 +0000] "GET /spicons/defaultsite/es/img/domain_transfer.svg HTTP/1.0" 404 1217 "http://mainnet.milenionblockchain.com/spicons/defaultsite/es/img/domain_transfer.svg" "Mozilla/5.0 (iPhone; CPU iPhone OS 14_3 like Mac OS X) AppleWebKit/605.1.15 (KHTML, like Gecko) Version/14.0.2 Mobile/15E148 Safari/604.1"
178.128.140.117 - - [10/Jul/2021:20:11:13 +0000] "GET /spicons/defaultsite/es/img/domain.svg HTTP/1.0" 404 1217 "http://mainnet.milenionblockchain.com/spicons/defaultsite/es/img/domain.svg" "Mozilla/5.0 (iPhone; CPU iPhone OS 14_4_2 like Mac OS X) AppleWebKit/605.1.15 (KHTML, like Gecko) Version/14.0.3 Mobile/15E148 Safari/604.1"
147.147.220.106 - - [10/Jul/2021:20:11:13 +0000] "GET /spicons/defaultsite/es/img/domain.svg HTTP/1.0" 404 1217 "http://mainnet.milenionblockchain.com/spicons/defaultsite/es/img/domain.svg" "Mozilla/4.0 (compatible; MSIE 8.0; Windows NT 5.1; Trident/4.0)"
45.133.172.81 - - [10/Jul/2021:20:11:13 +0000] "GET /spicons/defaultsite/es/img/domain.svg HTTP/1.0" 404 1217 "http://mainnet.milenionblockchain.com/spicons/defaultsite/es/img/domain.svg" "Mozilla/5.0 (Linux; Android 7.0; SAMSUNG SM-G950F Build/NRD90M) AppleWebKit/537.36 (KHTML, like Gecko) SamsungBrowser/5.2 Chrome/51.0.2704.106 Mobile Safari/537.36"
159.89.220.57 - - [10/Jul/2021:20:11:14 +0000] "GET /spicons/defaultsite/es/img/domain.svg HTTP/1.0" 404 1217 "http://mainnet.milenionblockchain.com/spicons/defaultsite/es/img/domain.svg" "Mozilla/5.0 (Windows NT 10.0; Win64; x64) AppleWebKit/537.36 (KHTML, like Gecko) Chrome/91.0.4472.114 Safari/537.36"
68.183.241.134 - - [10/Jul/2021:20:11:15 +0000] "GET /spicons/defaultsite/es/img/ic-world.svg HTTP/1.0" 404 1217 "http://mainnet.milenionblockchain.com/spicons/defaultsite/es/img/ic-world.svg" "Mozilla/5.0 (iPhone; CPU iPhone OS 14_6 like Mac OS X) AppleWebKit/605.1.15 (KHTML, like Gecko) CriOS/91.0.4472.80 Mobile/15E148 Safari/604.1"
51.178.81.195 - - [10/Jul/2021:20:11:15 +0000] "GET /spicons/defaultsite/es/img/ic-world.svg HTTP/1.0" 404 1217 "http://mainnet.milenionblockchain.com/spicons/defaultsite/es/img/ic-world.svg" "Mozilla/5.0 (Windows NT 10.0; Win64; x64) AppleWebKit/537.36 (KHTML, like Gecko) Chrome/91.0.4472.114 Safari/537.36"
147.147.220.106 - - [10/Jul/2021:20:11:15 +0000] "GET /spicons/defaultsite/es/img/ic-world.svg HTTP/1.0" 404 1217 "http://mainnet.milenionblockchain.com/spicons/defaultsite/es/img/ic-world.svg" "Mozilla/4.0 (compatible; MSIE 8.0; Windows NT 5.1; Trident/4.0)"
185.83.214.69 - - [10/Jul/2021:20:11:15 +0000] "GET /spicons/defaultsite/es/img/ic-world.svg HTTP/1.0" 404 1217 "http://mainnet.milenionblockchain.com/spicons/defaultsite/es/img/ic-world.svg" "Mozilla/5.0 (Linux; Android 7.0; SAMSUNG SM-G950F Build/NRD90M) AppleWebKit/537.36 (KHTML, like Gecko) SamsungBrowser/5.2 Chrome/51.0.2704.106 Mobile Safari/537.36"
104.129.56.145 - - [10/Jul/2021:20:11:16 +0000] "GET /spicons/defaultsite/es/img/ic-world.svg HTTP/1.0" 404 1217 "http://mainnet.milenionblockchain.com/spicons/defaultsite/es/img/ic-world.svg" "Mozilla/5.0 (Linux; Android 7.1.1; Android SDK built for x86 Build/NYC) AppleWebKit/537.36 (KHTML, like Gecko) Chrome/55.0.2883.91 Mobile Safari/537.36"
68.183.241.134 - - [10/Jul/2021:20:11:16 +0000] "GET /spicons/defaultsite/es/img/KwYyXXOLhSMGJ.svg HTTP/1.0" 404 1217 "http://mainnet.milenionblockchain.com/spicons/defaultsite/es/img/ic-world.svg" "Mozilla/5.0 (Windows NT 10.0; Win64; x64) AppleWebKit/537.36 (KHTML, like Gecko) Chrome/91.0.4472.101 Safari/537.36"
68.183.241.134 - - [10/Jul/2021:20:11:16 +0000] "OPTIONS /spicons/defaultsite/es/img/ic-world.svg HTTP/1.0" 200 310 "http://mainnet.milenionblockchain.com/spicons/defaultsite/es/img/ic-world.svg" "Mozilla/5.0 (iPhone; CPU iPhone OS 14_6 like Mac OS X) AppleWebKit/605.1.15 (KHTML, like Gecko) Version/14.1.1 Mobile/15E148 Safari/604.1"
51.178.81.195 - - [10/Jul/2021:20:11:16 +0000] "GET /spicons/defaultsite/es/img/ic-world.svg HTTP/1.0" 404 1217 "http://mainnet.milenionblockchain.com/spicons/defaultsite/es/img/ic-world.svg" "Mozilla/5.0 (iPhone; CPU iPhone OS 14_4_2 like Mac OS X) AppleWebKit/605.1.15 (KHTML, like Gecko) Version/14.0.3 Mobile/15E148 Safari/604.1"
178.128.140.117 - - [10/Jul/2021:20:11:54 +0000] "OPTIONS /spicons/defaultsite/es/img/domain.svg HTTP/1.0" 200 310 "http://mainnet.milenionblockchain.com/spicons/defaultsite/es/img/domain.svg" "Mozilla/5.0 (Macintosh; Intel Mac OS X 10_15_7) AppleWebKit/537.36 (KHTML, like Gecko) Chrome/91.0.4472.114 Safari/537.36"
178.128.140.117 - - [10/Jul/2021:20:11:54 +0000] "GET /spicons/defaultsite/es/img/resvbAylNtOml.svg HTTP/1.0" 404 1217 "http://mainnet.milenionblockchain.com/spicons/defaultsite/es/img/domain.svg" "Mozilla/5.0 (iPhone; CPU iPhone OS 14_6 like Mac OS X) AppleWebKit/605.1.15 (KHTML, like Gecko) Version/14.1.1 Mobile/15E148 Safari/604.1"
147.147.220.106 - - [10/Jul/2021:20:11:54 +0000] "GET /spicons/defaultsite/es/img/domain.svg HTTP/1.0" 404 1217 "http://mainnet.milenionblockchain.com/spicons/defaultsite/es/img/domain.svg" "Mozilla/5.0 (iPhone; CPU iPhone OS 14_6 like Mac OS X) AppleWebKit/605.1.15 (KHTML, like Gecko) CriOS/91.0.4472.80 Mobile/15E148 Safari/604.1"
207.148.93.136 - - [10/Jul/2021:20:25:39 +0000] "GET / HTTP/1.0" 200 2180 "-" "Mozilla/5.0 (Linux; U; Android 4.4.2; en-us; SCH-I535 Build/KOT49H) AppleWebKit/534.30 (KHTML, like Gecko) Version/4.0 Mobile Safari/534.30"
216.19.221.17 - - [10/Jul/2021:20:26:34 +0000] "GET / HTTP/1.0" 200 729 "-" "Mozilla/5.0 (iPhone; CPU iPhone OS 13_7 like Mac OS X) AppleWebKit/605.1.15 (KHTML, like Gecko) Version/13.1.2 Mobile/15E148 Safari/604.1"
45.176.89.54 - - [10/Jul/2021:20:35:42 +0000] "GET / HTTP/1.0" 200 729 "-" "Mozilla/5.0 (Windows NT 10.0; Win64; x64) AppleWebKit/537.36 (KHTML, like Gecko) Chrome/91.0.4472.124 Safari/537.36 Edg/91.0.864.67"
69.4.89.106 - - [10/Jul/2021:20:38:01 +0000] "GET / HTTP/1.0" 200 801 "-" "Mozilla/5.0 (Linux; Android 7.0; SM-G930V Build/NRD90M) AppleWebKit/537.36 (KHTML, like Gecko) Chrome/59.0.3071.125 Mobile Safari/537.36"
45.176.89.54 - - [10/Jul/2021:20:52:08 +0000] "GET / HTTP/1.0" 200 733 "-" "Mozilla/5.0 (Windows NT 10.0; Win64; x64) AppleWebKit/537.36 (KHTML, like Gecko) Chrome/91.0.4472.124 Safari/537.36 Edg/91.0.864.67"
69.4.87.74 - - [10/Jul/2021:20:55:41 +0000] "GET / HTTP/1.0" 200 2177 "-" "Mozilla/5.0 (Windows NT 6.1; WOW64; Trident/7.0; rv:11.0) like Gecko"
45.176.89.54 - - [10/Jul/2021:21:02:01 +0000] "GET / HTTP/1.0" 200 785 "-" "Mozilla/5.0 (Windows NT 10.0; Win64; x64) AppleWebKit/537.36 (KHTML, like Gecko) Chrome/91.0.4472.124 Safari/537.36 Edg/91.0.864.67"
45.176.89.54 - - [10/Jul/2021:21:02:34 +0000] "GET / HTTP/1.0" 200 760 "-" "Mozilla/5.0 (Windows NT 10.0; Win64; x64) AppleWebKit/537.36 (KHTML, like Gecko) Chrome/91.0.4472.124 Safari/537.36 Edg/91.0.864.67"
45.176.89.54 - - [10/Jul/2021:21:02:36 +0000] "GET /%E2%80%9D%E2%80%9D HTTP/1.0" 404 1217 "https://mainnet.milenionblockchain.com/" "Mozilla/5.0 (Windows NT 10.0; Win64; x64) AppleWebKit/537.36 (KHTML, like Gecko) Chrome/91.0.4472.124 Safari/537.36 Edg/91.0.864.67"
45.176.89.54 - - [10/Jul/2021:21:02:36 +0000] "GET /error_docs/styles.css HTTP/1.0" 200 1401 "https://mainnet.milenionblockchain.com/%E2%80%9D%E2%80%9D" "Mozilla/5.0 (Windows NT 10.0; Win64; x64) AppleWebKit/537.36 (KHTML, like Gecko) Chrome/91.0.4472.124 Safari/537.36 Edg/91.0.864.67"
45.176.89.54 - - [10/Jul/2021:21:02:36 +0000] "GET /error_docs/server.svg HTTP/1.0" 200 7853 "https://mainnet.milenionblockchain.com/error_docs/styles.css" "Mozilla/5.0 (Windows NT 10.0; Win64; x64) AppleWebKit/537.36 (KHTML, like Gecko) Chrome/91.0.4472.124 Safari/537.36 Edg/91.0.864.67"
45.176.89.54 - - [10/Jul/2021:21:06:31 +0000] "GET /%E2%80%9D%E2%80%9D HTTP/1.0" 404 1217 "https://mainnet.milenionblockchain.com/" "Mozilla/5.0 (Windows NT 10.0; Win64; x64) AppleWebKit/537.36 (KHTML, like Gecko) Chrome/91.0.4472.124 Safari/537.36 Edg/91.0.864.67"
195.141.89.138 - - [10/Jul/2021:21:12:47 +0000] "GET / HTTP/1.0" 200 2214 "-" "Mozilla/5.0 (Macintosh; Intel Mac OS X 10_9_3) AppleWebKit/537.75.14 (KHTML, like Gecko) Version/7.0.3 Safari/7046A194A"
52.27.133.197 - - [10/Jul/2021:21:12:52 +0000] "GET / HTTP/1.0" 200 760 "-" "colly - https://github.com/gocolly/colly/v2"
52.27.133.197 - - [10/Jul/2021:21:12:52 +0000] "GET /admin/login.php HTTP/1.0" 404 1217 "-" "colly - https://github.com/gocolly/colly/v2"
52.27.133.197 - - [10/Jul/2021:21:12:52 +0000] "GET /admin/login HTTP/1.0" 404 1217 "-" "colly - https://github.com/gocolly/colly/v2"
52.27.133.197 - - [10/Jul/2021:21:12:52 +0000] "GET /admin/index.php HTTP/1.0" 404 1217 "-" "colly - https://github.com/gocolly/colly/v2"
52.27.133.197 - - [10/Jul/2021:21:12:52 +0000] "GET /HijaIyh_App/admin/login.php HTTP/1.0" 404 1217 "-" "colly - https://github.com/gocolly/colly/v2"
52.27.133.197 - - [10/Jul/2021:21:12:52 +0000] "GET /panel.php HTTP/1.0" 404 350 "-" "colly - https://github.com/gocolly/colly/v2"
52.27.133.197 - - [10/Jul/2021:21:12:53 +0000] "GET /admin/ HTTP/1.0" 404 1217 "-" "colly - https://github.com/gocolly/colly/v2"
52.27.133.197 - - [10/Jul/2021:21:12:53 +0000] "GET /admin/auth.php HTTP/1.0" 404 1217 "-" "colly - https://github.com/gocolly/colly/v2"
52.27.133.197 - - [10/Jul/2021:21:12:53 +0000] "GET /access/ HTTP/1.0" 404 1217 "-" "colly - https://github.com/gocolly/colly/v2"
52.27.133.197 - - [10/Jul/2021:21:12:53 +0000] "GET /admin/?attempt=1 HTTP/1.0" 404 1217 "-" "colly - https://github.com/gocolly/colly/v2"
52.27.133.197 - - [10/Jul/2021:21:12:53 +0000] "GET /admin/dashboard.php HTTP/1.0" 404 1217 "-" "colly - https://github.com/gocolly/colly/v2"
52.27.133.197 - - [10/Jul/2021:21:12:53 +0000] "GET /panel/index.php HTTP/1.0" 404 1217 "-" "colly - https://github.com/gocolly/colly/v2"
52.27.133.197 - - [10/Jul/2021:21:12:54 +0000] "GET /adminnnnz/index.php HTTP/1.0" 404 1217 "-" "colly - https://github.com/gocolly/colly/v2"
34.222.134.185 - - [10/Jul/2021:21:15:19 +0000] "GET / HTTP/1.0" 200 760 "-" "Mozilla/5.0 (Windows NT 10.0; Win64; x64; rv:57.0) Gecko/20100101 Firefox/57.0"
147.147.220.106 - - [10/Jul/2021:21:19:44 +0000] "GET / HTTP/1.0" 200 835 "https://mainnet.milenionblockchain.com/" "Mozilla/5.0 (Macintosh; Intel Mac OS X 10_15_7) AppleWebKit/537.36 (KHTML, like Gecko) Chrome/91.0.4472.114 Safari/537.36"
84.17.42.34 - - [10/Jul/2021:21:19:44 +0000] "GET / HTTP/1.0" 200 835 "https://mainnet.milenionblockchain.com/" "Mozilla/5.0 (iPhone; CPU iPhone OS 14_4_2 like Mac OS X) AppleWebKit/605.1.15 (KHTML, like Gecko) Version/14.0.3 Mobile/15E148 Safari/604.1"
172.255.125.185 - - [10/Jul/2021:21:19:45 +0000] "GET / HTTP/1.0" 200 835 "https://mainnet.milenionblockchain.com/" "Mozilla/5.0 (Linux; Android 7.0; SAMSUNG SM-G950F Build/NRD90M) AppleWebKit/537.36 (KHTML, like Gecko) SamsungBrowser/5.2 Chrome/51.0.2704.106 Mobile Safari/537.36"
68.183.245.118 - - [10/Jul/2021:21:19:45 +0000] "GET / HTTP/1.0" 200 835 "https://mainnet.milenionblockchain.com/" "Mozilla/5.0 (iPhone; CPU iPhone OS 14_4_2 like Mac OS X) AppleWebKit/605.1.15 (KHTML, like Gecko) Version/14.0.3 Mobile/15E148 Safari/604.1"
147.147.220.106 - - [10/Jul/2021:21:20:26 +0000] "GET / HTTP/1.0" 200 835 "http://mainnet.milenionblockchain.com/" "Mozilla/5.0 (Macintosh; Intel Mac OS X 10_15_7) AppleWebKit/537.36 (KHTML, like Gecko) Chrome/91.0.4472.114 Safari/537.36"
84.17.42.34 - - [10/Jul/2021:21:20:26 +0000] "GET / HTTP/1.0" 200 835 "http://mainnet.milenionblockchain.com/" "Mozilla/5.0 (iPhone; CPU iPhone OS 14_4_2 like Mac OS X) AppleWebKit/605.1.15 (KHTML, like Gecko) Version/14.0.3 Mobile/15E148 Safari/604.1"
68.183.245.118 - - [10/Jul/2021:21:20:27 +0000] "GET / HTTP/1.0" 200 835 "http://mainnet.milenionblockchain.com/" "Mozilla/5.0 (iPhone; CPU iPhone OS 14_4_2 like Mac OS X) AppleWebKit/605.1.15 (KHTML, like Gecko) Version/14.0.3 Mobile/15E148 Safari/604.1"
172.255.125.185 - - [10/Jul/2021:21:20:27 +0000] "GET / HTTP/1.0" 200 835 "http://mainnet.milenionblockchain.com/" "Mozilla/5.0 (Linux; Android 7.0; SAMSUNG SM-G950F Build/NRD90M) AppleWebKit/537.36 (KHTML, like Gecko) SamsungBrowser/5.2 Chrome/51.0.2704.106 Mobile Safari/537.36"
159.242.234.2 - - [10/Jul/2021:21:20:30 +0000] "GET / HTTP/1.0" 200 835 "http://mainnet.milenionblockchain.com/" "Mozilla/5.0 (Windows NT 10.0; Win64; x64; rv:89.0) Gecko/20100101 Firefox/89.0"
45.176.89.54 - - [10/Jul/2021:21:33:54 +0000] "GET / HTTP/1.0" 200 733 "-" "Mozilla/5.0 (Windows NT 10.0; Win64; x64) AppleWebKit/537.36 (KHTML, like Gecko) Chrome/91.0.4472.124 Safari/537.36 Edg/91.0.864.67"
45.176.89.54 - - [10/Jul/2021:21:36:06 +0000] "GET / HTTP/1.0" 200 740 "-" "Mozilla/5.0 (Windows NT 10.0; Win64; x64) AppleWebKit/537.36 (KHTML, like Gecko) Chrome/91.0.4472.124 Safari/537.36 Edg/91.0.864.67"
45.176.89.54 - - [10/Jul/2021:21:36:49 +0000] "GET / HTTP/1.0" 200 739 "-" "Mozilla/5.0 (Windows NT 10.0; Win64; x64) AppleWebKit/537.36 (KHTML, like Gecko) Chrome/91.0.4472.124 Safari/537.36 Edg/91.0.864.67"
45.176.89.54 - - [10/Jul/2021:21:37:30 +0000] "GET / HTTP/1.0" 200 739 "-" "Mozilla/5.0 (Windows NT 10.0; Win64; x64) AppleWebKit/537.36 (KHTML, like Gecko) Chrome/91.0.4472.124 Safari/537.36 Edg/91.0.864.67"
45.176.89.54 - - [10/Jul/2021:21:37:47 +0000] "GET / HTTP/1.0" 200 733 "-" "Mozilla/5.0 (Windows NT 10.0; Win64; x64) AppleWebKit/537.36 (KHTML, like Gecko) Chrome/91.0.4472.124 Safari/537.36 Edg/91.0.864.67"
45.176.89.54 - - [10/Jul/2021:21:51:47 +0000] "GET / HTTP/1.0" 200 733 "-" "Mozilla/5.0 (Windows NT 10.0; Win64; x64) AppleWebKit/537.36 (KHTML, like Gecko) Chrome/91.0.4472.124 Safari/537.36 Edg/91.0.864.67"
45.176.89.54 - - [10/Jul/2021:21:53:18 +0000] "GET / HTTP/1.0" 200 733 "-" "Mozilla/5.0 (Windows NT 10.0; Win64; x64) AppleWebKit/537.36 (KHTML, like Gecko) Chrome/91.0.4472.124 Safari/537.36 Edg/91.0.864.67"
45.176.89.54 - - [10/Jul/2021:21:55:07 +0000] "GET / HTTP/1.0" 200 745 "-" "Mozilla/5.0 (Windows NT 10.0; Win64; x64) AppleWebKit/537.36 (KHTML, like Gecko) Chrome/91.0.4472.124 Safari/537.36 Edg/91.0.864.67"
45.176.89.54 - - [10/Jul/2021:21:55:46 +0000] "GET / HTTP/1.0" 200 737 "-" "Mozilla/5.0 (Windows NT 10.0; Win64; x64) AppleWebKit/537.36 (KHTML, like Gecko) Chrome/91.0.4472.124 Safari/537.36 Edg/91.0.864.67"
45.176.89.54 - - [10/Jul/2021:22:25:27 +0000] "GET / HTTP/1.0" 200 737 "-" "Mozilla/5.0 (Windows NT 10.0; Win64; x64) AppleWebKit/537.36 (KHTML, like Gecko) Chrome/91.0.4472.124 Safari/537.36 Edg/91.0.864.67"
45.176.89.54 - - [10/Jul/2021:22:26:53 +0000] "GET / HTTP/1.0" 200 2117 "-" "Mozilla/5.0 (Windows NT 10.0; Win64; x64) AppleWebKit/537.36 (KHTML, like Gecko) Chrome/91.0.4472.124 Safari/537.36 Edg/91.0.864.67"
45.176.89.54 - - [10/Jul/2021:23:10:14 +0000] "GET / HTTP/1.0" 200 738 "-" "Mozilla/5.0 (Windows NT 10.0; Win64; x64) AppleWebKit/537.36 (KHTML, like Gecko) Chrome/91.0.4472.124 Safari/537.36 Edg/91.0.864.67"
45.176.89.54 - - [10/Jul/2021:23:10:17 +0000] "GET / HTTP/1.0" 200 738 "-" "Mozilla/5.0 (Windows NT 10.0; Win64; x64) AppleWebKit/537.36 (KHTML, like Gecko) Chrome/91.0.4472.124 Safari/537.36 Edg/91.0.864.67"
45.176.89.54 - - [10/Jul/2021:23:22:27 +0000] "GET / HTTP/1.0" 200 777 "-" "Mozilla/5.0 (Windows NT 10.0; Win64; x64) AppleWebKit/537.36 (KHTML, like Gecko) Chrome/91.0.4472.124 Safari/537.36 Edg/91.0.864.67"
45.176.89.54 - - [10/Jul/2021:23:22:27 +0000] "GET /img-fondo/img/verde-1200x839.png HTTP/1.0" 200 412 "https://mainnet.milenionblockchain.com/" "Mozilla/5.0 (Windows NT 10.0; Win64; x64) AppleWebKit/537.36 (KHTML, like Gecko) Chrome/91.0.4472.124 Safari/537.36 Edg/91.0.864.67"
45.176.89.54 - - [10/Jul/2021:23:23:23 +0000] "GET / HTTP/1.0" 200 777 "-" "Mozilla/5.0 (Windows NT 10.0; Win64; x64) AppleWebKit/537.36 (KHTML, like Gecko) Chrome/91.0.4472.124 Safari/537.36 Edg/91.0.864.67"
45.176.89.54 - - [10/Jul/2021:23:23:23 +0000] "GET /img-fondo/img/verde-1200x839.png HTTP/1.0" 200 412 "https://mainnet.milenionblockchain.com/" "Mozilla/5.0 (Windows NT 10.0; Win64; x64) AppleWebKit/537.36 (KHTML, like Gecko) Chrome/91.0.4472.124 Safari/537.36 Edg/91.0.864.67"
45.176.89.54 - - [10/Jul/2021:23:23:26 +0000] "GET / HTTP/1.0" 200 777 "-" "Mozilla/5.0 (Windows NT 10.0; Win64; x64) AppleWebKit/537.36 (KHTML, like Gecko) Chrome/91.0.4472.124 Safari/537.36 Edg/91.0.864.67"
45.176.89.54 - - [10/Jul/2021:23:24:19 +0000] "GET / HTTP/1.0" 200 781 "-" "Mozilla/5.0 (Windows NT 10.0; Win64; x64) AppleWebKit/537.36 (KHTML, like Gecko) Chrome/91.0.4472.124 Safari/537.36 Edg/91.0.864.67"
45.176.89.54 - - [10/Jul/2021:23:24:19 +0000] "GET /img-fondo/img/verde-1200x839.png HTTP/1.0" 200 412 "https://mainnet.milenionblockchain.com/" "Mozilla/5.0 (Windows NT 10.0; Win64; x64) AppleWebKit/537.36 (KHTML, like Gecko) Chrome/91.0.4472.124 Safari/537.36 Edg/91.0.864.67"
45.176.89.54 - - [10/Jul/2021:23:36:58 +0000] "GET /? HTTP/1.0" 200 781 "https://milenionblockchain.com/" "Mozilla/5.0 (Windows NT 10.0; Win64; x64) AppleWebKit/537.36 (KHTML, like Gecko) Chrome/91.0.4472.124 Safari/537.36 Edg/91.0.864.67"
45.176.89.54 - - [10/Jul/2021:23:36:59 +0000] "GET /img-fondo/img/verde-1200x839.png HTTP/1.0" 200 412 "https://mainnet.milenionblockchain.com/?" "Mozilla/5.0 (Windows NT 10.0; Win64; x64) AppleWebKit/537.36 (KHTML, like Gecko) Chrome/91.0.4472.124 Safari/537.36 Edg/91.0.864.67"
45.176.89.54 - - [10/Jul/2021:23:44:59 +0000] "GET /? HTTP/1.0" 200 781 "https://milenionblockchain.com/" "Mozilla/5.0 (Windows NT 10.0; Win64; x64) AppleWebKit/537.36 (KHTML, like Gecko) Chrome/91.0.4472.124 Safari/537.36 Edg/91.0.864.67"
45.176.89.54 - - [10/Jul/2021:23:44:59 +0000] "GET /img-fondo/img/verde-1200x839.png HTTP/1.0" 200 412 "https://mainnet.milenionblockchain.com/?" "Mozilla/5.0 (Windows NT 10.0; Win64; x64) AppleWebKit/537.36 (KHTML, like Gecko) Chrome/91.0.4472.124 Safari/537.36 Edg/91.0.864.67"
45.176.89.54 - - [10/Jul/2021:23:48:45 +0000] "GET / HTTP/1.0" 200 781 "https://milenionblockchain.com/" "Mozilla/5.0 (Windows NT 10.0; Win64; x64) AppleWebKit/537.36 (KHTML, like Gecko) Chrome/91.0.4472.124 Safari/537.36 Edg/91.0.864.67"
45.176.89.54 - - [10/Jul/2021:23:48:46 +0000] "GET /img-fondo/img/verde-1200x839.png HTTP/1.0" 200 412 "https://mainnet.milenionblockchain.com/" "Mozilla/5.0 (Windows NT 10.0; Win64; x64) AppleWebKit/537.36 (KHTML, like Gecko) Chrome/91.0.4472.124 Safari/537.36 Edg/91.0.864.67"
45.176.89.54 - - [10/Jul/2021:23:54:03 +0000] "GET / HTTP/1.0" 200 781 "https://milenionblockchain.com/" "Mozilla/5.0 (Windows NT 10.0; Win64; x64) AppleWebKit/537.36 (KHTML, like Gecko) Chrome/91.0.4472.124 Safari/537.36 Edg/91.0.864.67"
45.176.89.54 - - [10/Jul/2021:23:54:03 +0000] "GET /img-fondo/img/verde-1200x839.png HTTP/1.0" 200 412 "https://mainnet.milenionblockchain.com/" "Mozilla/5.0 (Windows NT 10.0; Win64; x64) AppleWebKit/537.36 (KHTML, like Gecko) Chrome/91.0.4472.124 Safari/537.36 Edg/91.0.864.67"
45.176.89.54 - - [10/Jul/2021:23:59:53 +0000] "GET / HTTP/1.0" 200 781 "https://milenionblockchain.com/" "Mozilla/5.0 (Windows NT 10.0; Win64; x64) AppleWebKit/537.36 (KHTML, like Gecko) Chrome/91.0.4472.124 Safari/537.36 Edg/91.0.864.67"
45.176.89.54 - - [10/Jul/2021:23:59:53 +0000] "GET /img-fondo/img/verde-1200x839.png HTTP/1.0" 200 412 "https://mainnet.milenionblockchain.com/" "Mozilla/5.0 (Windows NT 10.0; Win64; x64) AppleWebKit/537.36 (KHTML, like Gecko) Chrome/91.0.4472.124 Safari/537.36 Edg/91.0.864.67"
45.176.89.54 - - [11/Jul/2021:00:11:17 +0000] "GET / HTTP/1.0" 200 781 "https://milenionblockchain.com/" "Mozilla/5.0 (Windows NT 10.0; Win64; x64) AppleWebKit/537.36 (KHTML, like Gecko) Chrome/91.0.4472.124 Safari/537.36 Edg/91.0.864.67"
45.176.89.54 - - [11/Jul/2021:00:11:17 +0000] "GET /img-fondo/img/verde-1200x839.png HTTP/1.0" 200 412 "https://mainnet.milenionblockchain.com/" "Mozilla/5.0 (Windows NT 10.0; Win64; x64) AppleWebKit/537.36 (KHTML, like Gecko) Chrome/91.0.4472.124 Safari/537.36 Edg/91.0.864.67"
45.176.89.54 - - [11/Jul/2021:00:26:23 +0000] "GET / HTTP/1.0" 200 781 "https://milenionblockchain.com/" "Mozilla/5.0 (Windows NT 10.0; Win64; x64) AppleWebKit/537.36 (KHTML, like Gecko) Chrome/91.0.4472.124 Safari/537.36 Edg/91.0.864.64"
45.176.89.54 - - [11/Jul/2021:00:26:24 +0000] "GET /img-fondo/img/verde-1200x839.png HTTP/1.0" 200 412 "https://mainnet.milenionblockchain.com/" "Mozilla/5.0 (Windows NT 10.0; Win64; x64) AppleWebKit/537.36 (KHTML, like Gecko) Chrome/91.0.4472.124 Safari/537.36 Edg/91.0.864.64"
45.176.89.54 - - [11/Jul/2021:00:26:25 +0000] "GET /favicon.ico HTTP/1.0" 404 1217 "https://mainnet.milenionblockchain.com/" "Mozilla/5.0 (Windows NT 10.0; Win64; x64) AppleWebKit/537.36 (KHTML, like Gecko) Chrome/91.0.4472.124 Safari/537.36 Edg/91.0.864.64"
34.244.91.107 - - [11/Jul/2021:00:31:34 +0000] "GET / HTTP/1.0" 200 2160 "-" "Mozilla/5.0 (X11; Linux x86_64) AppleWebKit/537.36 (KHTML, like Gecko) HeadlessChrome/78.0.3882.0 Safari/537.36"
34.244.91.107 - - [11/Jul/2021:00:31:34 +0000] "GET /img-fondo/img/verde-1200x839.png HTTP/1.0" 200 412 "https://mainnet.milenionblockchain.com/" "Mozilla/5.0 (X11; Linux x86_64) AppleWebKit/537.36 (KHTML, like Gecko) HeadlessChrome/78.0.3882.0 Safari/537.36"
45.176.89.54 - - [11/Jul/2021:00:40:57 +0000] "GET / HTTP/1.0" 200 781 "https://milenionblockchain.com/" "Mozilla/5.0 (Windows NT 10.0; Win64; x64) AppleWebKit/537.36 (KHTML, like Gecko) Chrome/91.0.4472.124 Safari/537.36 Edg/91.0.864.64"
45.176.89.54 - - [11/Jul/2021:00:40:58 +0000] "GET /img-fondo/img/verde-1200x839.png HTTP/1.0" 200 412 "https://mainnet.milenionblockchain.com/" "Mozilla/5.0 (Windows NT 10.0; Win64; x64) AppleWebKit/537.36 (KHTML, like Gecko) Chrome/91.0.4472.124 Safari/537.36 Edg/91.0.864.64"
45.176.89.54 - - [11/Jul/2021:00:43:44 +0000] "GET / HTTP/1.0" 200 811 "https://milenionblockchain.com/" "Mozilla/5.0 (Windows NT 10.0; Win64; x64) AppleWebKit/537.36 (KHTML, like Gecko) Chrome/91.0.4472.124 Safari/537.36 Edg/91.0.864.64"
45.176.89.54 - - [11/Jul/2021:00:44:12 +0000] "GET / HTTP/1.0" 200 812 "https://milenionblockchain.com/" "Mozilla/5.0 (Windows NT 10.0; Win64; x64) AppleWebKit/537.36 (KHTML, like Gecko) Chrome/91.0.4472.124 Safari/537.36 Edg/91.0.864.64"
45.176.89.54 - - [11/Jul/2021:00:47:25 +0000] "GET / HTTP/1.0" 200 812 "https://milenionblockchain.com/" "Mozilla/5.0 (Windows NT 10.0; Win64; x64) AppleWebKit/537.36 (KHTML, like Gecko) Chrome/91.0.4472.124 Safari/537.36 Edg/91.0.864.64"
45.176.89.54 - - [11/Jul/2021:00:48:37 +0000] "GET / HTTP/1.0" 200 831 "https://milenionblockchain.com/" "Mozilla/5.0 (Windows NT 10.0; Win64; x64) AppleWebKit/537.36 (KHTML, like Gecko) Chrome/91.0.4472.124 Safari/537.36 Edg/91.0.864.64"
45.176.89.54 - - [11/Jul/2021:00:49:15 +0000] "GET / HTTP/1.0" 200 835 "https://milenionblockchain.com/" "Mozilla/5.0 (Windows NT 10.0; Win64; x64) AppleWebKit/537.36 (KHTML, like Gecko) Chrome/91.0.4472.124 Safari/537.36 Edg/91.0.864.64"
45.176.89.54 - - [11/Jul/2021:00:49:15 +0000] "GET /img-fondo/img/verde-1200x839.png HTTP/1.0" 200 412 "https://mainnet.milenionblockchain.com/" "Mozilla/5.0 (Windows NT 10.0; Win64; x64) AppleWebKit/537.36 (KHTML, like Gecko) Chrome/91.0.4472.124 Safari/537.36 Edg/91.0.864.64"
45.176.89.54 - - [11/Jul/2021:00:49:56 +0000] "GET / HTTP/1.0" 200 831 "https://milenionblockchain.com/" "Mozilla/5.0 (Windows NT 10.0; Win64; x64) AppleWebKit/537.36 (KHTML, like Gecko) Chrome/91.0.4472.124 Safari/537.36 Edg/91.0.864.64"
45.176.89.54 - - [11/Jul/2021:00:56:23 +0000] "GET / HTTP/1.0" 200 831 "https://milenionblockchain.com/" "Mozilla/5.0 (Windows NT 10.0; Win64; x64) AppleWebKit/537.36 (KHTML, like Gecko) Chrome/91.0.4472.124 Safari/537.36 Edg/91.0.864.64"
45.176.89.54 - - [11/Jul/2021:01:15:12 +0000] "GET / HTTP/1.0" 200 2210 "https://milenionblockchain.com/" "Mozilla/5.0 (Windows NT 10.0; Win64; x64) AppleWebKit/537.36 (KHTML, like Gecko) Chrome/91.0.4472.124 Safari/537.36 Edg/91.0.864.64"
45.176.89.54 - - [11/Jul/2021:01:15:12 +0000] "GET /img-fondo/img/verde-1200x839.png HTTP/1.0" 200 412 "https://mainnet.milenionblockchain.com/" "Mozilla/5.0 (Windows NT 10.0; Win64; x64) AppleWebKit/537.36 (KHTML, like Gecko) Chrome/91.0.4472.124 Safari/537.36 Edg/91.0.864.64"
45.176.89.54 - - [11/Jul/2021:01:25:33 +0000] "GET / HTTP/1.0" 200 831 "https://milenionblockchain.com/" "Mozilla/5.0 (Linux; Android 10; Lenovo YT-X705F) AppleWebKit/537.36 (KHTML, like Gecko) Chrome/91.0.4472.120 Safari/537.36"
45.176.89.54 - - [11/Jul/2021:01:25:33 +0000] "GET /img-fondo/img/verde-1200x839.png HTTP/1.0" 200 412 "https://mainnet.milenionblockchain.com/" "Mozilla/5.0 (Linux; Android 10; Lenovo YT-X705F) AppleWebKit/537.36 (KHTML, like Gecko) Chrome/91.0.4472.120 Safari/537.36"
45.176.89.54 - - [11/Jul/2021:01:26:53 +0000] "GET / HTTP/1.0" 200 831 "https://milenionblockchain.com/" "Mozilla/5.0 (Windows NT 10.0; Win64; x64) AppleWebKit/537.36 (KHTML, like Gecko) Chrome/91.0.4472.124 Safari/537.36 Edg/91.0.864.64"
45.176.89.54 - - [11/Jul/2021:01:26:54 +0000] "GET /img-fondo/img/verde-1200x839.png HTTP/1.0" 200 412 "https://mainnet.milenionblockchain.com/" "Mozilla/5.0 (Windows NT 10.0; Win64; x64) AppleWebKit/537.36 (KHTML, like Gecko) Chrome/91.0.4472.124 Safari/537.36 Edg/91.0.864.64"
45.176.89.54 - - [11/Jul/2021:01:33:48 +0000] "GET / HTTP/1.0" 200 831 "https://milenionblockchain.com/" "Mozilla/5.0 (Windows NT 10.0; Win64; x64) AppleWebKit/537.36 (KHTML, like Gecko) Chrome/91.0.4472.124 Safari/537.36 Edg/91.0.864.64"
45.176.89.54 - - [11/Jul/2021:01:40:15 +0000] "GET / HTTP/1.0" 200 831 "https://milenionblockchain.com/" "Mozilla/5.0 (Windows NT 10.0; Win64; x64) AppleWebKit/537.36 (KHTML, like Gecko) Chrome/91.0.4472.124 Safari/537.36 Edg/91.0.864.64"
45.176.89.54 - - [11/Jul/2021:01:40:15 +0000] "GET /img-fondo/img/verde-1200x839.png HTTP/1.0" 200 412 "https://mainnet.milenionblockchain.com/" "Mozilla/5.0 (Windows NT 10.0; Win64; x64) AppleWebKit/537.36 (KHTML, like Gecko) Chrome/91.0.4472.124 Safari/537.36 Edg/91.0.864.64"
45.176.89.54 - - [11/Jul/2021:01:50:28 +0000] "GET / HTTP/1.0" 200 831 "https://milenionblockchain.com/" "Mozilla/5.0 (Windows NT 10.0; Win64; x64) AppleWebKit/537.36 (KHTML, like Gecko) Chrome/91.0.4472.124 Safari/537.36 Edg/91.0.864.64"
45.176.89.54 - - [11/Jul/2021:01:52:15 +0000] "GET / HTTP/1.0" 200 838 "https://milenionblockchain.com/" "Mozilla/5.0 (Windows NT 10.0; Win64; x64) AppleWebKit/537.36 (KHTML, like Gecko) Chrome/91.0.4472.124 Safari/537.36 Edg/91.0.864.64"
45.176.89.54 - - [11/Jul/2021:01:52:37 +0000] "GET / HTTP/1.0" 200 837 "https://milenionblockchain.com/" "Mozilla/5.0 (Windows NT 10.0; Win64; x64) AppleWebKit/537.36 (KHTML, like Gecko) Chrome/91.0.4472.124 Safari/537.36 Edg/91.0.864.64"
45.176.89.54 - - [11/Jul/2021:01:53:01 +0000] "GET / HTTP/1.0" 200 821 "https://milenionblockchain.com/" "Mozilla/5.0 (Windows NT 10.0; Win64; x64) AppleWebKit/537.36 (KHTML, like Gecko) Chrome/91.0.4472.124 Safari/537.36 Edg/91.0.864.64"
45.176.89.54 - - [11/Jul/2021:01:53:56 +0000] "GET / HTTP/1.0" 200 825 "https://milenionblockchain.com/" "Mozilla/5.0 (Windows NT 10.0; Win64; x64) AppleWebKit/537.36 (KHTML, like Gecko) Chrome/91.0.4472.124 Safari/537.36 Edg/91.0.864.64"
45.176.89.54 - - [11/Jul/2021:01:56:05 +0000] "GET / HTTP/1.0" 200 2216 "https://milenionblockchain.com/" "Mozilla/5.0 (Windows NT 10.0; Win64; x64) AppleWebKit/537.36 (KHTML, like Gecko) Chrome/91.0.4472.124 Safari/537.36 Edg/91.0.864.64"
45.176.89.54 - - [11/Jul/2021:01:56:06 +0000] "GET /img-fondo/img/verde-1200x839.png HTTP/1.0" 200 412 "https://mainnet.milenionblockchain.com/" "Mozilla/5.0 (Windows NT 10.0; Win64; x64) AppleWebKit/537.36 (KHTML, like Gecko) Chrome/91.0.4472.124 Safari/537.36 Edg/91.0.864.64"
45.176.89.54 - - [11/Jul/2021:01:57:17 +0000] "GET / HTTP/1.0" 200 852 "https://milenionblockchain.com/" "Mozilla/5.0 (Windows NT 10.0; Win64; x64) AppleWebKit/537.36 (KHTML, like Gecko) Chrome/91.0.4472.124 Safari/537.36 Edg/91.0.864.64"
45.176.89.54 - - [11/Jul/2021:02:00:35 +0000] "GET / HTTP/1.0" 200 852 "https://milenionblockchain.com/" "Mozilla/5.0 (Windows NT 10.0; Win64; x64) AppleWebKit/537.36 (KHTML, like Gecko) Chrome/91.0.4472.124 Safari/537.36 Edg/91.0.864.64"
45.176.89.54 - - [11/Jul/2021:02:04:14 +0000] "GET / HTTP/1.0" 200 853 "https://milenionblockchain.com/" "Mozilla/5.0 (Windows NT 10.0; Win64; x64) AppleWebKit/537.36 (KHTML, like Gecko) Chrome/91.0.4472.124 Safari/537.36 Edg/91.0.864.64"
45.176.89.54 - - [11/Jul/2021:02:04:55 +0000] "GET / HTTP/1.0" 200 862 "https://milenionblockchain.com/" "Mozilla/5.0 (Windows NT 10.0; Win64; x64) AppleWebKit/537.36 (KHTML, like Gecko) Chrome/91.0.4472.124 Safari/537.36 Edg/91.0.864.64"
45.176.89.54 - - [11/Jul/2021:02:05:21 +0000] "GET / HTTP/1.0" 200 847 "https://milenionblockchain.com/" "Mozilla/5.0 (Windows NT 10.0; Win64; x64) AppleWebKit/537.36 (KHTML, like Gecko) Chrome/91.0.4472.124 Safari/537.36 Edg/91.0.864.64"
45.176.89.54 - - [11/Jul/2021:02:07:12 +0000] "GET / HTTP/1.0" 200 847 "https://milenionblockchain.com/" "Mozilla/5.0 (Windows NT 10.0; Win64; x64) AppleWebKit/537.36 (KHTML, like Gecko) Chrome/91.0.4472.124 Safari/537.36 Edg/91.0.864.64"
45.176.89.54 - - [11/Jul/2021:02:07:46 +0000] "GET / HTTP/1.0" 200 847 "https://milenionblockchain.com/" "Mozilla/5.0 (Windows NT 10.0; Win64; x64) AppleWebKit/537.36 (KHTML, like Gecko) Chrome/91.0.4472.124 Safari/537.36 Edg/91.0.864.64"
45.176.89.54 - - [11/Jul/2021:02:08:11 +0000] "GET / HTTP/1.0" 200 853 "https://milenionblockchain.com/" "Mozilla/5.0 (Windows NT 10.0; Win64; x64) AppleWebKit/537.36 (KHTML, like Gecko) Chrome/91.0.4472.124 Safari/537.36 Edg/91.0.864.64"
45.176.89.54 - - [11/Jul/2021:02:09:02 +0000] "GET / HTTP/1.0" 200 867 "https://milenionblockchain.com/" "Mozilla/5.0 (Windows NT 10.0; Win64; x64) AppleWebKit/537.36 (KHTML, like Gecko) Chrome/91.0.4472.124 Safari/537.36 Edg/91.0.864.64"
45.176.89.54 - - [11/Jul/2021:02:09:14 +0000] "GET / HTTP/1.0" 200 2246 "https://milenionblockchain.com/" "Mozilla/5.0 (Windows NT 10.0; Win64; x64) AppleWebKit/537.36 (KHTML, like Gecko) Chrome/91.0.4472.124 Safari/537.36 Edg/91.0.864.64"
45.176.89.54 - - [11/Jul/2021:02:10:23 +0000] "GET / HTTP/1.0" 200 867 "https://milenionblockchain.com/" "Mozilla/5.0 (Windows NT 10.0; Win64; x64) AppleWebKit/537.36 (KHTML, like Gecko) Chrome/91.0.4472.124 Safari/537.36 Edg/91.0.864.64"
45.176.89.54 - - [11/Jul/2021:02:10:47 +0000] "GET / HTTP/1.0" 200 867 "https://milenionblockchain.com/" "Mozilla/5.0 (Windows NT 10.0; Win64; x64) AppleWebKit/537.36 (KHTML, like Gecko) Chrome/91.0.4472.124 Safari/537.36 Edg/91.0.864.64"
45.176.89.54 - - [11/Jul/2021:02:11:16 +0000] "GET / HTTP/1.0" 200 867 "https://milenionblockchain.com/" "Mozilla/5.0 (Windows NT 10.0; Win64; x64) AppleWebKit/537.36 (KHTML, like Gecko) Chrome/91.0.4472.124 Safari/537.36 Edg/91.0.864.64"
45.176.89.54 - - [11/Jul/2021:02:12:38 +0000] "GET / HTTP/1.0" 200 867 "https://milenionblockchain.com/" "Mozilla/5.0 (Windows NT 10.0; Win64; x64) AppleWebKit/537.36 (KHTML, like Gecko) Chrome/91.0.4472.124 Safari/537.36 Edg/91.0.864.64"
45.176.89.54 - - [11/Jul/2021:02:12:38 +0000] "GET /img-fondo/img/verde-1200x839.png HTTP/1.0" 200 412 "https://mainnet.milenionblockchain.com/" "Mozilla/5.0 (Windows NT 10.0; Win64; x64) AppleWebKit/537.36 (KHTML, like Gecko) Chrome/91.0.4472.124 Safari/537.36 Edg/91.0.864.64"
45.176.89.54 - - [11/Jul/2021:02:29:07 +0000] "GET / HTTP/1.0" 200 867 "https://milenionblockchain.com/" "Mozilla/5.0 (Windows NT 10.0; Win64; x64) AppleWebKit/537.36 (KHTML, like Gecko) Chrome/91.0.4472.124 Safari/537.36 Edg/91.0.864.64"
45.176.89.54 - - [11/Jul/2021:02:30:39 +0000] "GET /img-fondo/img/verde-1200x839.png HTTP/1.0" 200 412 "https://mainnet.milenionblockchain.com/" "Mozilla/5.0 (Windows NT 10.0; Win64; x64) AppleWebKit/537.36 (KHTML, like Gecko) Chrome/91.0.4472.124 Safari/537.36 Edg/91.0.864.64"
45.176.89.54 - - [11/Jul/2021:02:32:54 +0000] "GET / HTTP/1.0" 200 867 "https://milenionblockchain.com/" "Mozilla/5.0 (Windows NT 10.0; Win64; x64) AppleWebKit/537.36 (KHTML, like Gecko) Chrome/91.0.4472.124 Safari/537.36 Edg/91.0.864.64"
45.176.89.54 - - [11/Jul/2021:02:35:20 +0000] "GET / HTTP/1.0" 200 867 "https://milenionblockchain.com/" "Mozilla/5.0 (Windows NT 10.0; Win64; x64) AppleWebKit/537.36 (KHTML, like Gecko) Chrome/91.0.4472.124 Safari/537.36 Edg/91.0.864.64"
45.176.89.54 - - [11/Jul/2021:03:24:15 +0000] "GET / HTTP/1.0" 200 2234 "https://milenionblockchain.com/" "Mozilla/5.0 (Windows NT 10.0; Win64; x64) AppleWebKit/537.36 (KHTML, like Gecko) Chrome/91.0.4472.124 Safari/537.36 Edg/91.0.864.64"
45.176.89.54 - - [11/Jul/2021:03:24:15 +0000] "GET /img-fondo/img/verde-1200x839.png HTTP/1.0" 200 412 "https://mainnet.milenionblockchain.com/" "Mozilla/5.0 (Windows NT 10.0; Win64; x64) AppleWebKit/537.36 (KHTML, like Gecko) Chrome/91.0.4472.124 Safari/537.36 Edg/91.0.864.64"
45.176.89.54 - - [11/Jul/2021:03:51:32 +0000] "GET / HTTP/1.0" 200 855 "https://milenionblockchain.com/" "Mozilla/5.0 (Windows NT 10.0; Win64; x64) AppleWebKit/537.36 (KHTML, like Gecko) Chrome/91.0.4472.124 Safari/537.36 Edg/91.0.864.64"
45.176.89.54 - - [11/Jul/2021:03:51:33 +0000] "GET /img-fondo/img/verde-1200x839.png HTTP/1.0" 200 412 "https://mainnet.milenionblockchain.com/" "Mozilla/5.0 (Windows NT 10.0; Win64; x64) AppleWebKit/537.36 (KHTML, like Gecko) Chrome/91.0.4472.124 Safari/537.36 Edg/91.0.864.64"
34.244.91.107 - - [11/Jul/2021:04:07:28 +0000] "GET / HTTP/1.0" 200 855 "-" "Mozilla/5.0 (X11; Linux x86_64) AppleWebKit/537.36 (KHTML, like Gecko) HeadlessChrome/78.0.3882.0 Safari/537.36"
34.244.91.107 - - [11/Jul/2021:04:07:28 +0000] "GET /img-fondo/img/verde-1200x839.png HTTP/1.0" 200 412 "https://mainnet.milenionblockchain.com/" "Mozilla/5.0 (X11; Linux x86_64) AppleWebKit/537.36 (KHTML, like Gecko) HeadlessChrome/78.0.3882.0 Safari/537.36"
45.176.89.54 - - [11/Jul/2021:04:11:14 +0000] "GET / HTTP/1.0" 200 855 "https://milenionblockchain.com/" "Mozilla/5.0 (Windows NT 10.0; Win64; x64) AppleWebKit/537.36 (KHTML, like Gecko) Chrome/91.0.4472.124 Safari/537.36 Edg/91.0.864.64"
45.176.89.54 - - [11/Jul/2021:04:13:35 +0000] "GET / HTTP/1.0" 200 873 "https://milenionblockchain.com/" "Mozilla/5.0 (Windows NT 10.0; Win64; x64) AppleWebKit/537.36 (KHTML, like Gecko) Chrome/91.0.4472.124 Safari/537.36 Edg/91.0.864.64"
45.176.89.54 - - [11/Jul/2021:04:14:29 +0000] "GET / HTTP/1.0" 200 2255 "https://milenionblockchain.com/" "Mozilla/5.0 (Windows NT 10.0; Win64; x64) AppleWebKit/537.36 (KHTML, like Gecko) Chrome/91.0.4472.124 Safari/537.36 Edg/91.0.864.64"
45.176.89.54 - - [11/Jul/2021:04:15:31 +0000] "GET / HTTP/1.0" 200 876 "https://milenionblockchain.com/" "Mozilla/5.0 (Windows NT 10.0; Win64; x64) AppleWebKit/537.36 (KHTML, like Gecko) Chrome/91.0.4472.124 Safari/537.36 Edg/91.0.864.64"
45.176.89.54 - - [11/Jul/2021:04:16:00 +0000] "GET / HTTP/1.0" 200 855 "https://milenionblockchain.com/" "Mozilla/5.0 (Windows NT 10.0; Win64; x64) AppleWebKit/537.36 (KHTML, like Gecko) Chrome/91.0.4472.124 Safari/537.36 Edg/91.0.864.64"
45.176.89.54 - - [11/Jul/2021:04:19:01 +0000] "GET / HTTP/1.0" 200 855 "https://milenionblockchain.com/" "Mozilla/5.0 (Windows NT 10.0; Win64; x64) AppleWebKit/537.36 (KHTML, like Gecko) Chrome/91.0.4472.124 Safari/537.36 Edg/91.0.864.64"
45.176.89.54 - - [11/Jul/2021:04:19:01 +0000] "GET /img-fondo/img/verde-1200x839.png HTTP/1.0" 200 412 "https://mainnet.milenionblockchain.com/" "Mozilla/5.0 (Windows NT 10.0; Win64; x64) AppleWebKit/537.36 (KHTML, like Gecko) Chrome/91.0.4472.124 Safari/537.36 Edg/91.0.864.64"
45.176.89.54 - - [11/Jul/2021:04:23:48 +0000] "GET / HTTP/1.0" 200 855 "https://milenionblockchain.com/" "Mozilla/5.0 (Windows NT 10.0; Win64; x64) AppleWebKit/537.36 (KHTML, like Gecko) Chrome/91.0.4472.124 Safari/537.36 Edg/91.0.864.64"
45.176.89.54 - - [11/Jul/2021:04:30:16 +0000] "GET / HTTP/1.0" 200 855 "https://milenionblockchain.com/" "Mozilla/5.0 (Windows NT 10.0; Win64; x64) AppleWebKit/537.36 (KHTML, like Gecko) Chrome/91.0.4472.124 Safari/537.36 Edg/91.0.864.64"
45.176.89.54 - - [11/Jul/2021:04:35:48 +0000] "GET / HTTP/1.0" 200 855 "https://milenionblockchain.com/" "Mozilla/5.0 (Windows NT 10.0; Win64; x64) AppleWebKit/537.36 (KHTML, like Gecko) Chrome/91.0.4472.124 Safari/537.36 Edg/91.0.864.64"
45.176.89.54 - - [11/Jul/2021:04:56:41 +0000] "GET / HTTP/1.0" 200 855 "https://milenionblockchain.com/" "Mozilla/5.0 (Windows NT 10.0; Win64; x64) AppleWebKit/537.36 (KHTML, like Gecko) Chrome/91.0.4472.124 Safari/537.36 Edg/91.0.864.67"
45.176.89.54 - - [11/Jul/2021:04:56:41 +0000] "GET /img-fondo/img/verde-1200x839.png HTTP/1.0" 200 412 "https://mainnet.milenionblockchain.com/" "Mozilla/5.0 (Windows NT 10.0; Win64; x64) AppleWebKit/537.36 (KHTML, like Gecko) Chrome/91.0.4472.124 Safari/537.36 Edg/91.0.864.67"
45.176.89.54 - - [11/Jul/2021:04:56:42 +0000] "GET /favicon.ico HTTP/1.0" 404 1217 "https://mainnet.milenionblockchain.com/" "Mozilla/5.0 (Windows NT 10.0; Win64; x64) AppleWebKit/537.36 (KHTML, like Gecko) Chrome/91.0.4472.124 Safari/537.36 Edg/91.0.864.67"
45.176.89.54 - - [11/Jul/2021:05:26:45 +0000] "GET / HTTP/1.0" 200 855 "https://milenionblockchain.com/" "Mozilla/5.0 (Windows NT 10.0; Win64; x64) AppleWebKit/537.36 (KHTML, like Gecko) Chrome/91.0.4472.124 Safari/537.36 Edg/91.0.864.67"
45.176.89.54 - - [11/Jul/2021:05:26:46 +0000] "GET /favicon.ico HTTP/1.0" 404 1217 "https://mainnet.milenionblockchain.com/" "Mozilla/5.0 (Windows NT 10.0; Win64; x64) AppleWebKit/537.36 (KHTML, like Gecko) Chrome/91.0.4472.124 Safari/537.36 Edg/91.0.864.67"
212.83.146.233 - - [11/Jul/2021:05:58:08 +0000] "GET / HTTP/1.0" 200 2372 "-" "Mozilla/5.0 (X11; Ubuntu; Linux x86_64; rv:58.0) Gecko/20100101 Firefox/58.0"
3.120.130.29 - - [10/Jul/2021:19:59:07 +0000] "GET /.well-known/acme-challenge/7y3tvWEQ2VXS6vn3GHwJl6Hs235BpeSaWKuGRzylsUM HTTP/1.1" 200 87 "http://mainnet.milenionblockchain.com/.well-known/acme-challenge/7y3tvWEQ2VXS6vn3GHwJl6Hs235BpeSaWKuGRzylsUM" "Mozilla/5.0 (compatible; Let's Encrypt validation server; +https://www.letsencrypt.org)"
